============================= test session starts =============================
platform win32 -- Python 3.12.0, pytest-9.0.3, pluggy-1.6.0 -- C:\Python312\python.exe
cachedir: .pytest_cache
rootdir: D:\MainWorkSpace\CTW_Implement
plugins: anyio-4.12.1
collecting ... collected 31 items

skills/ctw_classify/tests/test_classifier.py::TestTaxonomyClassifier::test_classify_bilibili_mcp_video FAILED [  3%]
skills/ctw_classify/tests/test_classifier.py::TestTaxonomyClassifier::test_classify_github_prefect FAILED [  6%]
skills/ctw_classify/tests/test_classifier.py::TestTaxonomyClassifier::test_classify_pdf_paper FAILED [  9%]
skills/ctw_classify/tests/test_classifier.py::TestTaxonomyClassifier::test_classify_security_cve FAILED [ 12%]
skills/ctw_classify/tests/test_classifier.py::TestTaxonomyClassifier::test_classify_n8n_tutorial FAILED [ 16%]
skills/ctw_classify/tests/test_classifier.py::TestTaxonomyClassifier::test_classify_experience_blog FAILED [ 19%]
skills/ctw_classify/tests/test_classifier.py::TestTaxonomyClassifier::test_classify_unknown FAILED [ 22%]
skills/ctw_classify/tests/test_classifier.py::TestTaxonomyClassifier::test_classify_ai_agent_framework FAILED [ 25%]
skills/ctw_classify/tests/test_classifier.py::TestTaxonomyClassifier::test_classify_with_llm_fallback FAILED [ 29%]
skills/ctw_classify/tests/test_classifier.py::TestTaxonomyClassifier::test_value_questions_loaded FAILED [ 32%]
skills/ctw_classify/tests/test_classifier.py::TestTaxonomyClassifier::test_value_questions_skip_conditions FAILED [ 35%]
skills/ctw_classify/tests/test_classifier.py::TestTaxonomyClassifier::test_classify_returns_suggested_level FAILED [ 38%]
skills/ctw_classify/tests/test_classifier.py::TestTaxonomyClassifier::test_classify_all_fixtures FAILED [ 41%]
skills/ctw_classify/tests/test_classifier.py::TestTaxonomyClassifier::test_duplicate_source_types FAILED [ 45%]
skills/ctw_classify/tests/test_classifier.py::TestTaxonomyClassifier::test_classify_result_output_targets FAILED [ 48%]
skills/ctw_classify/tests/test_decision_tree.py::TestDecisionTree::test_classify_bilibili_mcp_video FAILED [ 51%]
skills/ctw_classify/tests/test_decision_tree.py::TestDecisionTree::test_classify_github_prefect FAILED [ 54%]
skills/ctw_classify/tests/test_decision_tree.py::TestDecisionTree::test_classify_pdf_paper FAILED [ 58%]
skills/ctw_classify/tests/test_decision_tree.py::TestDecisionTree::test_classify_security_cve FAILED [ 61%]
skills/ctw_classify/tests/test_decision_tree.py::TestDecisionTree::test_classify_n8n_tutorial FAILED [ 64%]
skills/ctw_classify/tests/test_decision_tree.py::TestDecisionTree::test_classify_experience_blog FAILED [ 67%]
skills/ctw_classify/tests/test_decision_tree.py::TestDecisionTree::test_classify_unknown FAILED [ 70%]
skills/ctw_classify/tests/test_decision_tree.py::TestDecisionTree::test_classify_ai_agent_framework FAILED [ 74%]
skills/ctw_classify/tests/test_decision_tree.py::TestDecisionTree::test_classify_mcp_spec FAILED [ 77%]
skills/ctw_classify/tests/test_decision_tree.py::TestDecisionTree::test_classify_tool_review_blog FAILED [ 80%]
skills/ctw_classify/tests/test_decision_tree.py::TestDecisionTree::test_classify_tech_news FAILED [ 83%]
skills/ctw_classify/tests/test_decision_tree.py::TestDecisionTree::test_confidence_is_float FAILED [ 87%]
skills/ctw_classify/tests/test_decision_tree.py::TestDecisionTree::test_all_types_tested FAILED [ 90%]
skills/ctw_classify/tests/test_decision_tree.py::TestDecisionTree::test_loads_taxonomy_from_config FAILED [ 93%]
skills/ctw_classify/tests/test_decision_tree.py::TestDecisionTree::test_keyword_match_returns_high_confidence FAILED [ 96%]
skills/ctw_classify/tests/test_decision_tree.py::TestDecisionTree::test_decision_tree_order_respected FAILED [100%]

================================== FAILURES ===================================
___________ TestTaxonomyClassifier.test_classify_bilibili_mcp_video ___________

self = <ctw_classify.tests.test_classifier.TestTaxonomyClassifier object at 0x0000021EE60EC680>

    def test_classify_bilibili_mcp_video(self):
        """B站 MCP 视频 → tool-extension"""
        source = _make_source("bilibili_mcp_video")
>       classifier = TaxonomyClassifier()
                     ^^^^^^^^^^^^^^^^^^^^

skills\ctw_classify\tests\test_classifier.py:40: 
_ _ _ _ _ _ _ _ _ _ _ _ _ _ _ _ _ _ _ _ _ _ _ _ _ _ _ _ _ _ _ _ _ _ _ _ _ _ _ _
skills\ctw_classify\classifier.py:70: in __init__
    self.decision_tree = DecisionTree(ctw_project_path)
                         ^^^^^^^^^^^^^^^^^^^^^^^^^^^^^^
skills\ctw_classify\decision_tree.py:116: in __init__
    self._load_types()
skills\ctw_classify\decision_tree.py:120: in _load_types
    self.config.load_all()
lib\ctw_config.py:39: in load_all
    self._load_taxonomy()
lib\ctw_config.py:49: in _load_taxonomy
    data = yaml.safe_load(f)
           ^^^^^^^^^^^^^^^^^
C:\Python312\Lib\site-packages\yaml\__init__.py:125: in safe_load
    return load(stream, SafeLoader)
           ^^^^^^^^^^^^^^^^^^^^^^^^
C:\Python312\Lib\site-packages\yaml\__init__.py:81: in load
    return loader.get_single_data()
           ^^^^^^^^^^^^^^^^^^^^^^^^
C:\Python312\Lib\site-packages\yaml\constructor.py:49: in get_single_data
    node = self.get_single_node()
           ^^^^^^^^^^^^^^^^^^^^^^
C:\Python312\Lib\site-packages\yaml\composer.py:36: in get_single_node
    document = self.compose_document()
               ^^^^^^^^^^^^^^^^^^^^^^^
C:\Python312\Lib\site-packages\yaml\composer.py:55: in compose_document
    node = self.compose_node(None, None)
           ^^^^^^^^^^^^^^^^^^^^^^^^^^^^^
C:\Python312\Lib\site-packages\yaml\composer.py:84: in compose_node
    node = self.compose_mapping_node(anchor)
           ^^^^^^^^^^^^^^^^^^^^^^^^^^^^^^^^^
C:\Python312\Lib\site-packages\yaml\composer.py:133: in compose_mapping_node
    item_value = self.compose_node(node, item_key)
                 ^^^^^^^^^^^^^^^^^^^^^^^^^^^^^^^^^
C:\Python312\Lib\site-packages\yaml\composer.py:84: in compose_node
    node = self.compose_mapping_node(anchor)
           ^^^^^^^^^^^^^^^^^^^^^^^^^^^^^^^^^
C:\Python312\Lib\site-packages\yaml\composer.py:133: in compose_mapping_node
    item_value = self.compose_node(node, item_key)
                 ^^^^^^^^^^^^^^^^^^^^^^^^^^^^^^^^^
C:\Python312\Lib\site-packages\yaml\composer.py:84: in compose_node
    node = self.compose_mapping_node(anchor)
           ^^^^^^^^^^^^^^^^^^^^^^^^^^^^^^^^^
C:\Python312\Lib\site-packages\yaml\composer.py:127: in compose_mapping_node
    while not self.check_event(MappingEndEvent):
              ^^^^^^^^^^^^^^^^^^^^^^^^^^^^^^^^^
C:\Python312\Lib\site-packages\yaml\parser.py:98: in check_event
    self.current_event = self.state()
                         ^^^^^^^^^^^^
_ _ _ _ _ _ _ _ _ _ _ _ _ _ _ _ _ _ _ _ _ _ _ _ _ _ _ _ _ _ _ _ _ _ _ _ _ _ _ _

self = <yaml.loader.SafeLoader object at 0x0000021EE60EE240>

    def parse_block_mapping_key(self):
        if self.check_token(KeyToken):
            token = self.get_token()
            if not self.check_token(KeyToken, ValueToken, BlockEndToken):
                self.states.append(self.parse_block_mapping_value)
                return self.parse_block_node_or_indentless_sequence()
            else:
                self.state = self.parse_block_mapping_value
                return self.process_empty_scalar(token.end_mark)
        if not self.check_token(BlockEndToken):
            token = self.peek_token()
>           raise ParserError("while parsing a block mapping", self.marks[-1],
                    "expected <block end>, but found %r" % token.id, token.start_mark)
E           yaml.parser.ParserError: while parsing a block mapping
E             in "D:\MainWorkSpace\contextToWhatend\taxonomy\types.yaml", line 401, column 5
E           expected <block end>, but found '<scalar>'
E             in "D:\MainWorkSpace\contextToWhatend\taxonomy\types.yaml", line 411, column 37

C:\Python312\Lib\site-packages\yaml\parser.py:438: ParserError
_____________ TestTaxonomyClassifier.test_classify_github_prefect _____________

self = <ctw_classify.tests.test_classifier.TestTaxonomyClassifier object at 0x0000021EE60ECAD0>

    def test_classify_github_prefect(self):
        """GitHub Prefect → architecture-analysis"""
        source = _make_source("github_prefect")
>       classifier = TaxonomyClassifier()
                     ^^^^^^^^^^^^^^^^^^^^

skills\ctw_classify\tests\test_classifier.py:51: 
_ _ _ _ _ _ _ _ _ _ _ _ _ _ _ _ _ _ _ _ _ _ _ _ _ _ _ _ _ _ _ _ _ _ _ _ _ _ _ _
skills\ctw_classify\classifier.py:70: in __init__
    self.decision_tree = DecisionTree(ctw_project_path)
                         ^^^^^^^^^^^^^^^^^^^^^^^^^^^^^^
skills\ctw_classify\decision_tree.py:116: in __init__
    self._load_types()
skills\ctw_classify\decision_tree.py:120: in _load_types
    self.config.load_all()
lib\ctw_config.py:39: in load_all
    self._load_taxonomy()
lib\ctw_config.py:49: in _load_taxonomy
    data = yaml.safe_load(f)
           ^^^^^^^^^^^^^^^^^
C:\Python312\Lib\site-packages\yaml\__init__.py:125: in safe_load
    return load(stream, SafeLoader)
           ^^^^^^^^^^^^^^^^^^^^^^^^
C:\Python312\Lib\site-packages\yaml\__init__.py:81: in load
    return loader.get_single_data()
           ^^^^^^^^^^^^^^^^^^^^^^^^
C:\Python312\Lib\site-packages\yaml\constructor.py:49: in get_single_data
    node = self.get_single_node()
           ^^^^^^^^^^^^^^^^^^^^^^
C:\Python312\Lib\site-packages\yaml\composer.py:36: in get_single_node
    document = self.compose_document()
               ^^^^^^^^^^^^^^^^^^^^^^^
C:\Python312\Lib\site-packages\yaml\composer.py:55: in compose_document
    node = self.compose_node(None, None)
           ^^^^^^^^^^^^^^^^^^^^^^^^^^^^^
C:\Python312\Lib\site-packages\yaml\composer.py:84: in compose_node
    node = self.compose_mapping_node(anchor)
           ^^^^^^^^^^^^^^^^^^^^^^^^^^^^^^^^^
C:\Python312\Lib\site-packages\yaml\composer.py:133: in compose_mapping_node
    item_value = self.compose_node(node, item_key)
                 ^^^^^^^^^^^^^^^^^^^^^^^^^^^^^^^^^
C:\Python312\Lib\site-packages\yaml\composer.py:84: in compose_node
    node = self.compose_mapping_node(anchor)
           ^^^^^^^^^^^^^^^^^^^^^^^^^^^^^^^^^
C:\Python312\Lib\site-packages\yaml\composer.py:133: in compose_mapping_node
    item_value = self.compose_node(node, item_key)
                 ^^^^^^^^^^^^^^^^^^^^^^^^^^^^^^^^^
C:\Python312\Lib\site-packages\yaml\composer.py:84: in compose_node
    node = self.compose_mapping_node(anchor)
           ^^^^^^^^^^^^^^^^^^^^^^^^^^^^^^^^^
C:\Python312\Lib\site-packages\yaml\composer.py:127: in compose_mapping_node
    while not self.check_event(MappingEndEvent):
              ^^^^^^^^^^^^^^^^^^^^^^^^^^^^^^^^^
C:\Python312\Lib\site-packages\yaml\parser.py:98: in check_event
    self.current_event = self.state()
                         ^^^^^^^^^^^^
_ _ _ _ _ _ _ _ _ _ _ _ _ _ _ _ _ _ _ _ _ _ _ _ _ _ _ _ _ _ _ _ _ _ _ _ _ _ _ _

self = <yaml.loader.SafeLoader object at 0x0000021EE617B5C0>

    def parse_block_mapping_key(self):
        if self.check_token(KeyToken):
            token = self.get_token()
            if not self.check_token(KeyToken, ValueToken, BlockEndToken):
                self.states.append(self.parse_block_mapping_value)
                return self.parse_block_node_or_indentless_sequence()
            else:
                self.state = self.parse_block_mapping_value
                return self.process_empty_scalar(token.end_mark)
        if not self.check_token(BlockEndToken):
            token = self.peek_token()
>           raise ParserError("while parsing a block mapping", self.marks[-1],
                    "expected <block end>, but found %r" % token.id, token.start_mark)
E           yaml.parser.ParserError: while parsing a block mapping
E             in "D:\MainWorkSpace\contextToWhatend\taxonomy\types.yaml", line 401, column 5
E           expected <block end>, but found '<scalar>'
E             in "D:\MainWorkSpace\contextToWhatend\taxonomy\types.yaml", line 411, column 37

C:\Python312\Lib\site-packages\yaml\parser.py:438: ParserError
_______________ TestTaxonomyClassifier.test_classify_pdf_paper ________________

self = <ctw_classify.tests.test_classifier.TestTaxonomyClassifier object at 0x0000021EE60ECD40>

    def test_classify_pdf_paper(self):
        """PDF 论文 → paper-review"""
        source = _make_source("pdf_paper")
>       classifier = TaxonomyClassifier()
                     ^^^^^^^^^^^^^^^^^^^^

skills\ctw_classify\tests\test_classifier.py:58: 
_ _ _ _ _ _ _ _ _ _ _ _ _ _ _ _ _ _ _ _ _ _ _ _ _ _ _ _ _ _ _ _ _ _ _ _ _ _ _ _
skills\ctw_classify\classifier.py:70: in __init__
    self.decision_tree = DecisionTree(ctw_project_path)
                         ^^^^^^^^^^^^^^^^^^^^^^^^^^^^^^
skills\ctw_classify\decision_tree.py:116: in __init__
    self._load_types()
skills\ctw_classify\decision_tree.py:120: in _load_types
    self.config.load_all()
lib\ctw_config.py:39: in load_all
    self._load_taxonomy()
lib\ctw_config.py:49: in _load_taxonomy
    data = yaml.safe_load(f)
           ^^^^^^^^^^^^^^^^^
C:\Python312\Lib\site-packages\yaml\__init__.py:125: in safe_load
    return load(stream, SafeLoader)
           ^^^^^^^^^^^^^^^^^^^^^^^^
C:\Python312\Lib\site-packages\yaml\__init__.py:81: in load
    return loader.get_single_data()
           ^^^^^^^^^^^^^^^^^^^^^^^^
C:\Python312\Lib\site-packages\yaml\constructor.py:49: in get_single_data
    node = self.get_single_node()
           ^^^^^^^^^^^^^^^^^^^^^^
C:\Python312\Lib\site-packages\yaml\composer.py:36: in get_single_node
    document = self.compose_document()
               ^^^^^^^^^^^^^^^^^^^^^^^
C:\Python312\Lib\site-packages\yaml\composer.py:55: in compose_document
    node = self.compose_node(None, None)
           ^^^^^^^^^^^^^^^^^^^^^^^^^^^^^
C:\Python312\Lib\site-packages\yaml\composer.py:84: in compose_node
    node = self.compose_mapping_node(anchor)
           ^^^^^^^^^^^^^^^^^^^^^^^^^^^^^^^^^
C:\Python312\Lib\site-packages\yaml\composer.py:133: in compose_mapping_node
    item_value = self.compose_node(node, item_key)
                 ^^^^^^^^^^^^^^^^^^^^^^^^^^^^^^^^^
C:\Python312\Lib\site-packages\yaml\composer.py:84: in compose_node
    node = self.compose_mapping_node(anchor)
           ^^^^^^^^^^^^^^^^^^^^^^^^^^^^^^^^^
C:\Python312\Lib\site-packages\yaml\composer.py:133: in compose_mapping_node
    item_value = self.compose_node(node, item_key)
                 ^^^^^^^^^^^^^^^^^^^^^^^^^^^^^^^^^
C:\Python312\Lib\site-packages\yaml\composer.py:84: in compose_node
    node = self.compose_mapping_node(anchor)
           ^^^^^^^^^^^^^^^^^^^^^^^^^^^^^^^^^
C:\Python312\Lib\site-packages\yaml\composer.py:127: in compose_mapping_node
    while not self.check_event(MappingEndEvent):
              ^^^^^^^^^^^^^^^^^^^^^^^^^^^^^^^^^
C:\Python312\Lib\site-packages\yaml\parser.py:98: in check_event
    self.current_event = self.state()
                         ^^^^^^^^^^^^
_ _ _ _ _ _ _ _ _ _ _ _ _ _ _ _ _ _ _ _ _ _ _ _ _ _ _ _ _ _ _ _ _ _ _ _ _ _ _ _

self = <yaml.loader.SafeLoader object at 0x0000021EE6166CC0>

    def parse_block_mapping_key(self):
        if self.check_token(KeyToken):
            token = self.get_token()
            if not self.check_token(KeyToken, ValueToken, BlockEndToken):
                self.states.append(self.parse_block_mapping_value)
                return self.parse_block_node_or_indentless_sequence()
            else:
                self.state = self.parse_block_mapping_value
                return self.process_empty_scalar(token.end_mark)
        if not self.check_token(BlockEndToken):
            token = self.peek_token()
>           raise ParserError("while parsing a block mapping", self.marks[-1],
                    "expected <block end>, but found %r" % token.id, token.start_mark)
E           yaml.parser.ParserError: while parsing a block mapping
E             in "D:\MainWorkSpace\contextToWhatend\taxonomy\types.yaml", line 401, column 5
E           expected <block end>, but found '<scalar>'
E             in "D:\MainWorkSpace\contextToWhatend\taxonomy\types.yaml", line 411, column 37

C:\Python312\Lib\site-packages\yaml\parser.py:438: ParserError
______________ TestTaxonomyClassifier.test_classify_security_cve ______________

self = <ctw_classify.tests.test_classifier.TestTaxonomyClassifier object at 0x0000021EE60ECFB0>

    def test_classify_security_cve(self):
        """CVE 安全 → security-research"""
        source = _make_source("security_cve")
>       classifier = TaxonomyClassifier()
                     ^^^^^^^^^^^^^^^^^^^^

skills\ctw_classify\tests\test_classifier.py:65: 
_ _ _ _ _ _ _ _ _ _ _ _ _ _ _ _ _ _ _ _ _ _ _ _ _ _ _ _ _ _ _ _ _ _ _ _ _ _ _ _
skills\ctw_classify\classifier.py:70: in __init__
    self.decision_tree = DecisionTree(ctw_project_path)
                         ^^^^^^^^^^^^^^^^^^^^^^^^^^^^^^
skills\ctw_classify\decision_tree.py:116: in __init__
    self._load_types()
skills\ctw_classify\decision_tree.py:120: in _load_types
    self.config.load_all()
lib\ctw_config.py:39: in load_all
    self._load_taxonomy()
lib\ctw_config.py:49: in _load_taxonomy
    data = yaml.safe_load(f)
           ^^^^^^^^^^^^^^^^^
C:\Python312\Lib\site-packages\yaml\__init__.py:125: in safe_load
    return load(stream, SafeLoader)
           ^^^^^^^^^^^^^^^^^^^^^^^^
C:\Python312\Lib\site-packages\yaml\__init__.py:81: in load
    return loader.get_single_data()
           ^^^^^^^^^^^^^^^^^^^^^^^^
C:\Python312\Lib\site-packages\yaml\constructor.py:49: in get_single_data
    node = self.get_single_node()
           ^^^^^^^^^^^^^^^^^^^^^^
C:\Python312\Lib\site-packages\yaml\composer.py:36: in get_single_node
    document = self.compose_document()
               ^^^^^^^^^^^^^^^^^^^^^^^
C:\Python312\Lib\site-packages\yaml\composer.py:55: in compose_document
    node = self.compose_node(None, None)
           ^^^^^^^^^^^^^^^^^^^^^^^^^^^^^
C:\Python312\Lib\site-packages\yaml\composer.py:84: in compose_node
    node = self.compose_mapping_node(anchor)
           ^^^^^^^^^^^^^^^^^^^^^^^^^^^^^^^^^
C:\Python312\Lib\site-packages\yaml\composer.py:133: in compose_mapping_node
    item_value = self.compose_node(node, item_key)
                 ^^^^^^^^^^^^^^^^^^^^^^^^^^^^^^^^^
C:\Python312\Lib\site-packages\yaml\composer.py:84: in compose_node
    node = self.compose_mapping_node(anchor)
           ^^^^^^^^^^^^^^^^^^^^^^^^^^^^^^^^^
C:\Python312\Lib\site-packages\yaml\composer.py:133: in compose_mapping_node
    item_value = self.compose_node(node, item_key)
                 ^^^^^^^^^^^^^^^^^^^^^^^^^^^^^^^^^
C:\Python312\Lib\site-packages\yaml\composer.py:84: in compose_node
    node = self.compose_mapping_node(anchor)
           ^^^^^^^^^^^^^^^^^^^^^^^^^^^^^^^^^
C:\Python312\Lib\site-packages\yaml\composer.py:127: in compose_mapping_node
    while not self.check_event(MappingEndEvent):
              ^^^^^^^^^^^^^^^^^^^^^^^^^^^^^^^^^
C:\Python312\Lib\site-packages\yaml\parser.py:98: in check_event
    self.current_event = self.state()
                         ^^^^^^^^^^^^
_ _ _ _ _ _ _ _ _ _ _ _ _ _ _ _ _ _ _ _ _ _ _ _ _ _ _ _ _ _ _ _ _ _ _ _ _ _ _ _

self = <yaml.loader.SafeLoader object at 0x0000021EE61C77D0>

    def parse_block_mapping_key(self):
        if self.check_token(KeyToken):
            token = self.get_token()
            if not self.check_token(KeyToken, ValueToken, BlockEndToken):
                self.states.append(self.parse_block_mapping_value)
                return self.parse_block_node_or_indentless_sequence()
            else:
                self.state = self.parse_block_mapping_value
                return self.process_empty_scalar(token.end_mark)
        if not self.check_token(BlockEndToken):
            token = self.peek_token()
>           raise ParserError("while parsing a block mapping", self.marks[-1],
                    "expected <block end>, but found %r" % token.id, token.start_mark)
E           yaml.parser.ParserError: while parsing a block mapping
E             in "D:\MainWorkSpace\contextToWhatend\taxonomy\types.yaml", line 401, column 5
E           expected <block end>, but found '<scalar>'
E             in "D:\MainWorkSpace\contextToWhatend\taxonomy\types.yaml", line 411, column 37

C:\Python312\Lib\site-packages\yaml\parser.py:438: ParserError
______________ TestTaxonomyClassifier.test_classify_n8n_tutorial ______________

self = <ctw_classify.tests.test_classifier.TestTaxonomyClassifier object at 0x0000021EE60ED220>

    def test_classify_n8n_tutorial(self):
        """n8n 教程 → practice-tutorial"""
        source = _make_source("n8n_tutorial")
>       classifier = TaxonomyClassifier()
                     ^^^^^^^^^^^^^^^^^^^^

skills\ctw_classify\tests\test_classifier.py:72: 
_ _ _ _ _ _ _ _ _ _ _ _ _ _ _ _ _ _ _ _ _ _ _ _ _ _ _ _ _ _ _ _ _ _ _ _ _ _ _ _
skills\ctw_classify\classifier.py:70: in __init__
    self.decision_tree = DecisionTree(ctw_project_path)
                         ^^^^^^^^^^^^^^^^^^^^^^^^^^^^^^
skills\ctw_classify\decision_tree.py:116: in __init__
    self._load_types()
skills\ctw_classify\decision_tree.py:120: in _load_types
    self.config.load_all()
lib\ctw_config.py:39: in load_all
    self._load_taxonomy()
lib\ctw_config.py:49: in _load_taxonomy
    data = yaml.safe_load(f)
           ^^^^^^^^^^^^^^^^^
C:\Python312\Lib\site-packages\yaml\__init__.py:125: in safe_load
    return load(stream, SafeLoader)
           ^^^^^^^^^^^^^^^^^^^^^^^^
C:\Python312\Lib\site-packages\yaml\__init__.py:81: in load
    return loader.get_single_data()
           ^^^^^^^^^^^^^^^^^^^^^^^^
C:\Python312\Lib\site-packages\yaml\constructor.py:49: in get_single_data
    node = self.get_single_node()
           ^^^^^^^^^^^^^^^^^^^^^^
C:\Python312\Lib\site-packages\yaml\composer.py:36: in get_single_node
    document = self.compose_document()
               ^^^^^^^^^^^^^^^^^^^^^^^
C:\Python312\Lib\site-packages\yaml\composer.py:55: in compose_document
    node = self.compose_node(None, None)
           ^^^^^^^^^^^^^^^^^^^^^^^^^^^^^
C:\Python312\Lib\site-packages\yaml\composer.py:84: in compose_node
    node = self.compose_mapping_node(anchor)
           ^^^^^^^^^^^^^^^^^^^^^^^^^^^^^^^^^
C:\Python312\Lib\site-packages\yaml\composer.py:133: in compose_mapping_node
    item_value = self.compose_node(node, item_key)
                 ^^^^^^^^^^^^^^^^^^^^^^^^^^^^^^^^^
C:\Python312\Lib\site-packages\yaml\composer.py:84: in compose_node
    node = self.compose_mapping_node(anchor)
           ^^^^^^^^^^^^^^^^^^^^^^^^^^^^^^^^^
C:\Python312\Lib\site-packages\yaml\composer.py:133: in compose_mapping_node
    item_value = self.compose_node(node, item_key)
                 ^^^^^^^^^^^^^^^^^^^^^^^^^^^^^^^^^
C:\Python312\Lib\site-packages\yaml\composer.py:84: in compose_node
    node = self.compose_mapping_node(anchor)
           ^^^^^^^^^^^^^^^^^^^^^^^^^^^^^^^^^
C:\Python312\Lib\site-packages\yaml\composer.py:127: in compose_mapping_node
    while not self.check_event(MappingEndEvent):
              ^^^^^^^^^^^^^^^^^^^^^^^^^^^^^^^^^
C:\Python312\Lib\site-packages\yaml\parser.py:98: in check_event
    self.current_event = self.state()
                         ^^^^^^^^^^^^
_ _ _ _ _ _ _ _ _ _ _ _ _ _ _ _ _ _ _ _ _ _ _ _ _ _ _ _ _ _ _ _ _ _ _ _ _ _ _ _

self = <yaml.loader.SafeLoader object at 0x0000021EE60EDA60>

    def parse_block_mapping_key(self):
        if self.check_token(KeyToken):
            token = self.get_token()
            if not self.check_token(KeyToken, ValueToken, BlockEndToken):
                self.states.append(self.parse_block_mapping_value)
                return self.parse_block_node_or_indentless_sequence()
            else:
                self.state = self.parse_block_mapping_value
                return self.process_empty_scalar(token.end_mark)
        if not self.check_token(BlockEndToken):
            token = self.peek_token()
>           raise ParserError("while parsing a block mapping", self.marks[-1],
                    "expected <block end>, but found %r" % token.id, token.start_mark)
E           yaml.parser.ParserError: while parsing a block mapping
E             in "D:\MainWorkSpace\contextToWhatend\taxonomy\types.yaml", line 401, column 5
E           expected <block end>, but found '<scalar>'
E             in "D:\MainWorkSpace\contextToWhatend\taxonomy\types.yaml", line 411, column 37

C:\Python312\Lib\site-packages\yaml\parser.py:438: ParserError
____________ TestTaxonomyClassifier.test_classify_experience_blog _____________

self = <ctw_classify.tests.test_classifier.TestTaxonomyClassifier object at 0x0000021EE60ED490>

    def test_classify_experience_blog(self):
        """经验分享 → experience-share"""
        source = _make_source("experience_blog")
>       classifier = TaxonomyClassifier()
                     ^^^^^^^^^^^^^^^^^^^^

skills\ctw_classify\tests\test_classifier.py:79: 
_ _ _ _ _ _ _ _ _ _ _ _ _ _ _ _ _ _ _ _ _ _ _ _ _ _ _ _ _ _ _ _ _ _ _ _ _ _ _ _
skills\ctw_classify\classifier.py:70: in __init__
    self.decision_tree = DecisionTree(ctw_project_path)
                         ^^^^^^^^^^^^^^^^^^^^^^^^^^^^^^
skills\ctw_classify\decision_tree.py:116: in __init__
    self._load_types()
skills\ctw_classify\decision_tree.py:120: in _load_types
    self.config.load_all()
lib\ctw_config.py:39: in load_all
    self._load_taxonomy()
lib\ctw_config.py:49: in _load_taxonomy
    data = yaml.safe_load(f)
           ^^^^^^^^^^^^^^^^^
C:\Python312\Lib\site-packages\yaml\__init__.py:125: in safe_load
    return load(stream, SafeLoader)
           ^^^^^^^^^^^^^^^^^^^^^^^^
C:\Python312\Lib\site-packages\yaml\__init__.py:81: in load
    return loader.get_single_data()
           ^^^^^^^^^^^^^^^^^^^^^^^^
C:\Python312\Lib\site-packages\yaml\constructor.py:49: in get_single_data
    node = self.get_single_node()
           ^^^^^^^^^^^^^^^^^^^^^^
C:\Python312\Lib\site-packages\yaml\composer.py:36: in get_single_node
    document = self.compose_document()
               ^^^^^^^^^^^^^^^^^^^^^^^
C:\Python312\Lib\site-packages\yaml\composer.py:55: in compose_document
    node = self.compose_node(None, None)
           ^^^^^^^^^^^^^^^^^^^^^^^^^^^^^
C:\Python312\Lib\site-packages\yaml\composer.py:84: in compose_node
    node = self.compose_mapping_node(anchor)
           ^^^^^^^^^^^^^^^^^^^^^^^^^^^^^^^^^
C:\Python312\Lib\site-packages\yaml\composer.py:133: in compose_mapping_node
    item_value = self.compose_node(node, item_key)
                 ^^^^^^^^^^^^^^^^^^^^^^^^^^^^^^^^^
C:\Python312\Lib\site-packages\yaml\composer.py:84: in compose_node
    node = self.compose_mapping_node(anchor)
           ^^^^^^^^^^^^^^^^^^^^^^^^^^^^^^^^^
C:\Python312\Lib\site-packages\yaml\composer.py:133: in compose_mapping_node
    item_value = self.compose_node(node, item_key)
                 ^^^^^^^^^^^^^^^^^^^^^^^^^^^^^^^^^
C:\Python312\Lib\site-packages\yaml\composer.py:84: in compose_node
    node = self.compose_mapping_node(anchor)
           ^^^^^^^^^^^^^^^^^^^^^^^^^^^^^^^^^
C:\Python312\Lib\site-packages\yaml\composer.py:127: in compose_mapping_node
    while not self.check_event(MappingEndEvent):
              ^^^^^^^^^^^^^^^^^^^^^^^^^^^^^^^^^
C:\Python312\Lib\site-packages\yaml\parser.py:98: in check_event
    self.current_event = self.state()
                         ^^^^^^^^^^^^
_ _ _ _ _ _ _ _ _ _ _ _ _ _ _ _ _ _ _ _ _ _ _ _ _ _ _ _ _ _ _ _ _ _ _ _ _ _ _ _

self = <yaml.loader.SafeLoader object at 0x0000021EE621BD70>

    def parse_block_mapping_key(self):
        if self.check_token(KeyToken):
            token = self.get_token()
            if not self.check_token(KeyToken, ValueToken, BlockEndToken):
                self.states.append(self.parse_block_mapping_value)
                return self.parse_block_node_or_indentless_sequence()
            else:
                self.state = self.parse_block_mapping_value
                return self.process_empty_scalar(token.end_mark)
        if not self.check_token(BlockEndToken):
            token = self.peek_token()
>           raise ParserError("while parsing a block mapping", self.marks[-1],
                    "expected <block end>, but found %r" % token.id, token.start_mark)
E           yaml.parser.ParserError: while parsing a block mapping
E             in "D:\MainWorkSpace\contextToWhatend\taxonomy\types.yaml", line 401, column 5
E           expected <block end>, but found '<scalar>'
E             in "D:\MainWorkSpace\contextToWhatend\taxonomy\types.yaml", line 411, column 37

C:\Python312\Lib\site-packages\yaml\parser.py:438: ParserError
________________ TestTaxonomyClassifier.test_classify_unknown _________________

self = <ctw_classify.tests.test_classifier.TestTaxonomyClassifier object at 0x0000021EE60ED250>

    def test_classify_unknown(self):
        """空输入 → unknown"""
        source = _make_source("unknown_source")
>       classifier = TaxonomyClassifier()
                     ^^^^^^^^^^^^^^^^^^^^

skills\ctw_classify\tests\test_classifier.py:86: 
_ _ _ _ _ _ _ _ _ _ _ _ _ _ _ _ _ _ _ _ _ _ _ _ _ _ _ _ _ _ _ _ _ _ _ _ _ _ _ _
skills\ctw_classify\classifier.py:70: in __init__
    self.decision_tree = DecisionTree(ctw_project_path)
                         ^^^^^^^^^^^^^^^^^^^^^^^^^^^^^^
skills\ctw_classify\decision_tree.py:116: in __init__
    self._load_types()
skills\ctw_classify\decision_tree.py:120: in _load_types
    self.config.load_all()
lib\ctw_config.py:39: in load_all
    self._load_taxonomy()
lib\ctw_config.py:49: in _load_taxonomy
    data = yaml.safe_load(f)
           ^^^^^^^^^^^^^^^^^
C:\Python312\Lib\site-packages\yaml\__init__.py:125: in safe_load
    return load(stream, SafeLoader)
           ^^^^^^^^^^^^^^^^^^^^^^^^
C:\Python312\Lib\site-packages\yaml\__init__.py:81: in load
    return loader.get_single_data()
           ^^^^^^^^^^^^^^^^^^^^^^^^
C:\Python312\Lib\site-packages\yaml\constructor.py:49: in get_single_data
    node = self.get_single_node()
           ^^^^^^^^^^^^^^^^^^^^^^
C:\Python312\Lib\site-packages\yaml\composer.py:36: in get_single_node
    document = self.compose_document()
               ^^^^^^^^^^^^^^^^^^^^^^^
C:\Python312\Lib\site-packages\yaml\composer.py:55: in compose_document
    node = self.compose_node(None, None)
           ^^^^^^^^^^^^^^^^^^^^^^^^^^^^^
C:\Python312\Lib\site-packages\yaml\composer.py:84: in compose_node
    node = self.compose_mapping_node(anchor)
           ^^^^^^^^^^^^^^^^^^^^^^^^^^^^^^^^^
C:\Python312\Lib\site-packages\yaml\composer.py:133: in compose_mapping_node
    item_value = self.compose_node(node, item_key)
                 ^^^^^^^^^^^^^^^^^^^^^^^^^^^^^^^^^
C:\Python312\Lib\site-packages\yaml\composer.py:84: in compose_node
    node = self.compose_mapping_node(anchor)
           ^^^^^^^^^^^^^^^^^^^^^^^^^^^^^^^^^
C:\Python312\Lib\site-packages\yaml\composer.py:133: in compose_mapping_node
    item_value = self.compose_node(node, item_key)
                 ^^^^^^^^^^^^^^^^^^^^^^^^^^^^^^^^^
C:\Python312\Lib\site-packages\yaml\composer.py:84: in compose_node
    node = self.compose_mapping_node(anchor)
           ^^^^^^^^^^^^^^^^^^^^^^^^^^^^^^^^^
C:\Python312\Lib\site-packages\yaml\composer.py:127: in compose_mapping_node
    while not self.check_event(MappingEndEvent):
              ^^^^^^^^^^^^^^^^^^^^^^^^^^^^^^^^^
C:\Python312\Lib\site-packages\yaml\parser.py:98: in check_event
    self.current_event = self.state()
                         ^^^^^^^^^^^^
_ _ _ _ _ _ _ _ _ _ _ _ _ _ _ _ _ _ _ _ _ _ _ _ _ _ _ _ _ _ _ _ _ _ _ _ _ _ _ _

self = <yaml.loader.SafeLoader object at 0x0000021EE6143560>

    def parse_block_mapping_key(self):
        if self.check_token(KeyToken):
            token = self.get_token()
            if not self.check_token(KeyToken, ValueToken, BlockEndToken):
                self.states.append(self.parse_block_mapping_value)
                return self.parse_block_node_or_indentless_sequence()
            else:
                self.state = self.parse_block_mapping_value
                return self.process_empty_scalar(token.end_mark)
        if not self.check_token(BlockEndToken):
            token = self.peek_token()
>           raise ParserError("while parsing a block mapping", self.marks[-1],
                    "expected <block end>, but found %r" % token.id, token.start_mark)
E           yaml.parser.ParserError: while parsing a block mapping
E             in "D:\MainWorkSpace\contextToWhatend\taxonomy\types.yaml", line 401, column 5
E           expected <block end>, but found '<scalar>'
E             in "D:\MainWorkSpace\contextToWhatend\taxonomy\types.yaml", line 411, column 37

C:\Python312\Lib\site-packages\yaml\parser.py:438: ParserError
___________ TestTaxonomyClassifier.test_classify_ai_agent_framework ___________

self = <ctw_classify.tests.test_classifier.TestTaxonomyClassifier object at 0x0000021EE60ECEC0>

    def test_classify_ai_agent_framework(self):
        """AI Agent 框架 → ai-agent"""
        source = _make_source("ai_agent_framework")
>       classifier = TaxonomyClassifier()
                     ^^^^^^^^^^^^^^^^^^^^

skills\ctw_classify\tests\test_classifier.py:94: 
_ _ _ _ _ _ _ _ _ _ _ _ _ _ _ _ _ _ _ _ _ _ _ _ _ _ _ _ _ _ _ _ _ _ _ _ _ _ _ _
skills\ctw_classify\classifier.py:70: in __init__
    self.decision_tree = DecisionTree(ctw_project_path)
                         ^^^^^^^^^^^^^^^^^^^^^^^^^^^^^^
skills\ctw_classify\decision_tree.py:116: in __init__
    self._load_types()
skills\ctw_classify\decision_tree.py:120: in _load_types
    self.config.load_all()
lib\ctw_config.py:39: in load_all
    self._load_taxonomy()
lib\ctw_config.py:49: in _load_taxonomy
    data = yaml.safe_load(f)
           ^^^^^^^^^^^^^^^^^
C:\Python312\Lib\site-packages\yaml\__init__.py:125: in safe_load
    return load(stream, SafeLoader)
           ^^^^^^^^^^^^^^^^^^^^^^^^
C:\Python312\Lib\site-packages\yaml\__init__.py:81: in load
    return loader.get_single_data()
           ^^^^^^^^^^^^^^^^^^^^^^^^
C:\Python312\Lib\site-packages\yaml\constructor.py:49: in get_single_data
    node = self.get_single_node()
           ^^^^^^^^^^^^^^^^^^^^^^
C:\Python312\Lib\site-packages\yaml\composer.py:36: in get_single_node
    document = self.compose_document()
               ^^^^^^^^^^^^^^^^^^^^^^^
C:\Python312\Lib\site-packages\yaml\composer.py:55: in compose_document
    node = self.compose_node(None, None)
           ^^^^^^^^^^^^^^^^^^^^^^^^^^^^^
C:\Python312\Lib\site-packages\yaml\composer.py:84: in compose_node
    node = self.compose_mapping_node(anchor)
           ^^^^^^^^^^^^^^^^^^^^^^^^^^^^^^^^^
C:\Python312\Lib\site-packages\yaml\composer.py:133: in compose_mapping_node
    item_value = self.compose_node(node, item_key)
                 ^^^^^^^^^^^^^^^^^^^^^^^^^^^^^^^^^
C:\Python312\Lib\site-packages\yaml\composer.py:84: in compose_node
    node = self.compose_mapping_node(anchor)
           ^^^^^^^^^^^^^^^^^^^^^^^^^^^^^^^^^
C:\Python312\Lib\site-packages\yaml\composer.py:133: in compose_mapping_node
    item_value = self.compose_node(node, item_key)
                 ^^^^^^^^^^^^^^^^^^^^^^^^^^^^^^^^^
C:\Python312\Lib\site-packages\yaml\composer.py:84: in compose_node
    node = self.compose_mapping_node(anchor)
           ^^^^^^^^^^^^^^^^^^^^^^^^^^^^^^^^^
C:\Python312\Lib\site-packages\yaml\composer.py:127: in compose_mapping_node
    while not self.check_event(MappingEndEvent):
              ^^^^^^^^^^^^^^^^^^^^^^^^^^^^^^^^^
C:\Python312\Lib\site-packages\yaml\parser.py:98: in check_event
    self.current_event = self.state()
                         ^^^^^^^^^^^^
_ _ _ _ _ _ _ _ _ _ _ _ _ _ _ _ _ _ _ _ _ _ _ _ _ _ _ _ _ _ _ _ _ _ _ _ _ _ _ _

self = <yaml.loader.SafeLoader object at 0x0000021EE6526DE0>

    def parse_block_mapping_key(self):
        if self.check_token(KeyToken):
            token = self.get_token()
            if not self.check_token(KeyToken, ValueToken, BlockEndToken):
                self.states.append(self.parse_block_mapping_value)
                return self.parse_block_node_or_indentless_sequence()
            else:
                self.state = self.parse_block_mapping_value
                return self.process_empty_scalar(token.end_mark)
        if not self.check_token(BlockEndToken):
            token = self.peek_token()
>           raise ParserError("while parsing a block mapping", self.marks[-1],
                    "expected <block end>, but found %r" % token.id, token.start_mark)
E           yaml.parser.ParserError: while parsing a block mapping
E             in "D:\MainWorkSpace\contextToWhatend\taxonomy\types.yaml", line 401, column 5
E           expected <block end>, but found '<scalar>'
E             in "D:\MainWorkSpace\contextToWhatend\taxonomy\types.yaml", line 411, column 37

C:\Python312\Lib\site-packages\yaml\parser.py:438: ParserError
___________ TestTaxonomyClassifier.test_classify_with_llm_fallback ____________

self = <ctw_classify.tests.test_classifier.TestTaxonomyClassifier object at 0x0000021EE60ECBC0>

    def test_classify_with_llm_fallback(self):
        """When keyword match fails, LLM fallback is attempted"""
        source = SourceInput(
            url="https://example.com/ambiguous",
            title="Some ambiguous content",
            description="This could be anything",
            content="This content doesn't have clear keywords for classification. It discusses software development practices in a general sense.",
        )
>       classifier = TaxonomyClassifier()
                     ^^^^^^^^^^^^^^^^^^^^

skills\ctw_classify\tests\test_classifier.py:106: 
_ _ _ _ _ _ _ _ _ _ _ _ _ _ _ _ _ _ _ _ _ _ _ _ _ _ _ _ _ _ _ _ _ _ _ _ _ _ _ _
skills\ctw_classify\classifier.py:70: in __init__
    self.decision_tree = DecisionTree(ctw_project_path)
                         ^^^^^^^^^^^^^^^^^^^^^^^^^^^^^^
skills\ctw_classify\decision_tree.py:116: in __init__
    self._load_types()
skills\ctw_classify\decision_tree.py:120: in _load_types
    self.config.load_all()
lib\ctw_config.py:39: in load_all
    self._load_taxonomy()
lib\ctw_config.py:49: in _load_taxonomy
    data = yaml.safe_load(f)
           ^^^^^^^^^^^^^^^^^
C:\Python312\Lib\site-packages\yaml\__init__.py:125: in safe_load
    return load(stream, SafeLoader)
           ^^^^^^^^^^^^^^^^^^^^^^^^
C:\Python312\Lib\site-packages\yaml\__init__.py:81: in load
    return loader.get_single_data()
           ^^^^^^^^^^^^^^^^^^^^^^^^
C:\Python312\Lib\site-packages\yaml\constructor.py:49: in get_single_data
    node = self.get_single_node()
           ^^^^^^^^^^^^^^^^^^^^^^
C:\Python312\Lib\site-packages\yaml\composer.py:36: in get_single_node
    document = self.compose_document()
               ^^^^^^^^^^^^^^^^^^^^^^^
C:\Python312\Lib\site-packages\yaml\composer.py:55: in compose_document
    node = self.compose_node(None, None)
           ^^^^^^^^^^^^^^^^^^^^^^^^^^^^^
C:\Python312\Lib\site-packages\yaml\composer.py:84: in compose_node
    node = self.compose_mapping_node(anchor)
           ^^^^^^^^^^^^^^^^^^^^^^^^^^^^^^^^^
C:\Python312\Lib\site-packages\yaml\composer.py:133: in compose_mapping_node
    item_value = self.compose_node(node, item_key)
                 ^^^^^^^^^^^^^^^^^^^^^^^^^^^^^^^^^
C:\Python312\Lib\site-packages\yaml\composer.py:84: in compose_node
    node = self.compose_mapping_node(anchor)
           ^^^^^^^^^^^^^^^^^^^^^^^^^^^^^^^^^
C:\Python312\Lib\site-packages\yaml\composer.py:133: in compose_mapping_node
    item_value = self.compose_node(node, item_key)
                 ^^^^^^^^^^^^^^^^^^^^^^^^^^^^^^^^^
C:\Python312\Lib\site-packages\yaml\composer.py:84: in compose_node
    node = self.compose_mapping_node(anchor)
           ^^^^^^^^^^^^^^^^^^^^^^^^^^^^^^^^^
C:\Python312\Lib\site-packages\yaml\composer.py:127: in compose_mapping_node
    while not self.check_event(MappingEndEvent):
              ^^^^^^^^^^^^^^^^^^^^^^^^^^^^^^^^^
C:\Python312\Lib\site-packages\yaml\parser.py:98: in check_event
    self.current_event = self.state()
                         ^^^^^^^^^^^^
_ _ _ _ _ _ _ _ _ _ _ _ _ _ _ _ _ _ _ _ _ _ _ _ _ _ _ _ _ _ _ _ _ _ _ _ _ _ _ _

self = <yaml.loader.SafeLoader object at 0x0000021EE64C6870>

    def parse_block_mapping_key(self):
        if self.check_token(KeyToken):
            token = self.get_token()
            if not self.check_token(KeyToken, ValueToken, BlockEndToken):
                self.states.append(self.parse_block_mapping_value)
                return self.parse_block_node_or_indentless_sequence()
            else:
                self.state = self.parse_block_mapping_value
                return self.process_empty_scalar(token.end_mark)
        if not self.check_token(BlockEndToken):
            token = self.peek_token()
>           raise ParserError("while parsing a block mapping", self.marks[-1],
                    "expected <block end>, but found %r" % token.id, token.start_mark)
E           yaml.parser.ParserError: while parsing a block mapping
E             in "D:\MainWorkSpace\contextToWhatend\taxonomy\types.yaml", line 401, column 5
E           expected <block end>, but found '<scalar>'
E             in "D:\MainWorkSpace\contextToWhatend\taxonomy\types.yaml", line 411, column 37

C:\Python312\Lib\site-packages\yaml\parser.py:438: ParserError
_____________ TestTaxonomyClassifier.test_value_questions_loaded ______________

self = <ctw_classify.tests.test_classifier.TestTaxonomyClassifier object at 0x0000021EE60EC830>

    def test_value_questions_loaded(self):
        """Value questions are loaded for each content type"""
>       classifier = TaxonomyClassifier()
                     ^^^^^^^^^^^^^^^^^^^^

skills\ctw_classify\tests\test_classifier.py:115: 
_ _ _ _ _ _ _ _ _ _ _ _ _ _ _ _ _ _ _ _ _ _ _ _ _ _ _ _ _ _ _ _ _ _ _ _ _ _ _ _
skills\ctw_classify\classifier.py:70: in __init__
    self.decision_tree = DecisionTree(ctw_project_path)
                         ^^^^^^^^^^^^^^^^^^^^^^^^^^^^^^
skills\ctw_classify\decision_tree.py:116: in __init__
    self._load_types()
skills\ctw_classify\decision_tree.py:120: in _load_types
    self.config.load_all()
lib\ctw_config.py:39: in load_all
    self._load_taxonomy()
lib\ctw_config.py:49: in _load_taxonomy
    data = yaml.safe_load(f)
           ^^^^^^^^^^^^^^^^^
C:\Python312\Lib\site-packages\yaml\__init__.py:125: in safe_load
    return load(stream, SafeLoader)
           ^^^^^^^^^^^^^^^^^^^^^^^^
C:\Python312\Lib\site-packages\yaml\__init__.py:81: in load
    return loader.get_single_data()
           ^^^^^^^^^^^^^^^^^^^^^^^^
C:\Python312\Lib\site-packages\yaml\constructor.py:49: in get_single_data
    node = self.get_single_node()
           ^^^^^^^^^^^^^^^^^^^^^^
C:\Python312\Lib\site-packages\yaml\composer.py:36: in get_single_node
    document = self.compose_document()
               ^^^^^^^^^^^^^^^^^^^^^^^
C:\Python312\Lib\site-packages\yaml\composer.py:55: in compose_document
    node = self.compose_node(None, None)
           ^^^^^^^^^^^^^^^^^^^^^^^^^^^^^
C:\Python312\Lib\site-packages\yaml\composer.py:84: in compose_node
    node = self.compose_mapping_node(anchor)
           ^^^^^^^^^^^^^^^^^^^^^^^^^^^^^^^^^
C:\Python312\Lib\site-packages\yaml\composer.py:133: in compose_mapping_node
    item_value = self.compose_node(node, item_key)
                 ^^^^^^^^^^^^^^^^^^^^^^^^^^^^^^^^^
C:\Python312\Lib\site-packages\yaml\composer.py:84: in compose_node
    node = self.compose_mapping_node(anchor)
           ^^^^^^^^^^^^^^^^^^^^^^^^^^^^^^^^^
C:\Python312\Lib\site-packages\yaml\composer.py:133: in compose_mapping_node
    item_value = self.compose_node(node, item_key)
                 ^^^^^^^^^^^^^^^^^^^^^^^^^^^^^^^^^
C:\Python312\Lib\site-packages\yaml\composer.py:84: in compose_node
    node = self.compose_mapping_node(anchor)
           ^^^^^^^^^^^^^^^^^^^^^^^^^^^^^^^^^
C:\Python312\Lib\site-packages\yaml\composer.py:127: in compose_mapping_node
    while not self.check_event(MappingEndEvent):
              ^^^^^^^^^^^^^^^^^^^^^^^^^^^^^^^^^
C:\Python312\Lib\site-packages\yaml\parser.py:98: in check_event
    self.current_event = self.state()
                         ^^^^^^^^^^^^
_ _ _ _ _ _ _ _ _ _ _ _ _ _ _ _ _ _ _ _ _ _ _ _ _ _ _ _ _ _ _ _ _ _ _ _ _ _ _ _

self = <yaml.loader.SafeLoader object at 0x0000021EE6396180>

    def parse_block_mapping_key(self):
        if self.check_token(KeyToken):
            token = self.get_token()
            if not self.check_token(KeyToken, ValueToken, BlockEndToken):
                self.states.append(self.parse_block_mapping_value)
                return self.parse_block_node_or_indentless_sequence()
            else:
                self.state = self.parse_block_mapping_value
                return self.process_empty_scalar(token.end_mark)
        if not self.check_token(BlockEndToken):
            token = self.peek_token()
>           raise ParserError("while parsing a block mapping", self.marks[-1],
                    "expected <block end>, but found %r" % token.id, token.start_mark)
E           yaml.parser.ParserError: while parsing a block mapping
E             in "D:\MainWorkSpace\contextToWhatend\taxonomy\types.yaml", line 401, column 5
E           expected <block end>, but found '<scalar>'
E             in "D:\MainWorkSpace\contextToWhatend\taxonomy\types.yaml", line 411, column 37

C:\Python312\Lib\site-packages\yaml\parser.py:438: ParserError
_________ TestTaxonomyClassifier.test_value_questions_skip_conditions _________

self = <ctw_classify.tests.test_classifier.TestTaxonomyClassifier object at 0x0000021EE60ED6A0>

    def test_value_questions_skip_conditions(self):
        """Value questions include skip_condition where applicable"""
>       classifier = TaxonomyClassifier()
                     ^^^^^^^^^^^^^^^^^^^^

skills\ctw_classify\tests\test_classifier.py:138: 
_ _ _ _ _ _ _ _ _ _ _ _ _ _ _ _ _ _ _ _ _ _ _ _ _ _ _ _ _ _ _ _ _ _ _ _ _ _ _ _
skills\ctw_classify\classifier.py:70: in __init__
    self.decision_tree = DecisionTree(ctw_project_path)
                         ^^^^^^^^^^^^^^^^^^^^^^^^^^^^^^
skills\ctw_classify\decision_tree.py:116: in __init__
    self._load_types()
skills\ctw_classify\decision_tree.py:120: in _load_types
    self.config.load_all()
lib\ctw_config.py:39: in load_all
    self._load_taxonomy()
lib\ctw_config.py:49: in _load_taxonomy
    data = yaml.safe_load(f)
           ^^^^^^^^^^^^^^^^^
C:\Python312\Lib\site-packages\yaml\__init__.py:125: in safe_load
    return load(stream, SafeLoader)
           ^^^^^^^^^^^^^^^^^^^^^^^^
C:\Python312\Lib\site-packages\yaml\__init__.py:81: in load
    return loader.get_single_data()
           ^^^^^^^^^^^^^^^^^^^^^^^^
C:\Python312\Lib\site-packages\yaml\constructor.py:49: in get_single_data
    node = self.get_single_node()
           ^^^^^^^^^^^^^^^^^^^^^^
C:\Python312\Lib\site-packages\yaml\composer.py:36: in get_single_node
    document = self.compose_document()
               ^^^^^^^^^^^^^^^^^^^^^^^
C:\Python312\Lib\site-packages\yaml\composer.py:55: in compose_document
    node = self.compose_node(None, None)
           ^^^^^^^^^^^^^^^^^^^^^^^^^^^^^
C:\Python312\Lib\site-packages\yaml\composer.py:84: in compose_node
    node = self.compose_mapping_node(anchor)
           ^^^^^^^^^^^^^^^^^^^^^^^^^^^^^^^^^
C:\Python312\Lib\site-packages\yaml\composer.py:133: in compose_mapping_node
    item_value = self.compose_node(node, item_key)
                 ^^^^^^^^^^^^^^^^^^^^^^^^^^^^^^^^^
C:\Python312\Lib\site-packages\yaml\composer.py:84: in compose_node
    node = self.compose_mapping_node(anchor)
           ^^^^^^^^^^^^^^^^^^^^^^^^^^^^^^^^^
C:\Python312\Lib\site-packages\yaml\composer.py:133: in compose_mapping_node
    item_value = self.compose_node(node, item_key)
                 ^^^^^^^^^^^^^^^^^^^^^^^^^^^^^^^^^
C:\Python312\Lib\site-packages\yaml\composer.py:84: in compose_node
    node = self.compose_mapping_node(anchor)
           ^^^^^^^^^^^^^^^^^^^^^^^^^^^^^^^^^
C:\Python312\Lib\site-packages\yaml\composer.py:127: in compose_mapping_node
    while not self.check_event(MappingEndEvent):
              ^^^^^^^^^^^^^^^^^^^^^^^^^^^^^^^^^
C:\Python312\Lib\site-packages\yaml\parser.py:98: in check_event
    self.current_event = self.state()
                         ^^^^^^^^^^^^
_ _ _ _ _ _ _ _ _ _ _ _ _ _ _ _ _ _ _ _ _ _ _ _ _ _ _ _ _ _ _ _ _ _ _ _ _ _ _ _

self = <yaml.loader.SafeLoader object at 0x0000021EE63F59D0>

    def parse_block_mapping_key(self):
        if self.check_token(KeyToken):
            token = self.get_token()
            if not self.check_token(KeyToken, ValueToken, BlockEndToken):
                self.states.append(self.parse_block_mapping_value)
                return self.parse_block_node_or_indentless_sequence()
            else:
                self.state = self.parse_block_mapping_value
                return self.process_empty_scalar(token.end_mark)
        if not self.check_token(BlockEndToken):
            token = self.peek_token()
>           raise ParserError("while parsing a block mapping", self.marks[-1],
                    "expected <block end>, but found %r" % token.id, token.start_mark)
E           yaml.parser.ParserError: while parsing a block mapping
E             in "D:\MainWorkSpace\contextToWhatend\taxonomy\types.yaml", line 401, column 5
E           expected <block end>, but found '<scalar>'
E             in "D:\MainWorkSpace\contextToWhatend\taxonomy\types.yaml", line 411, column 37

C:\Python312\Lib\site-packages\yaml\parser.py:438: ParserError
________ TestTaxonomyClassifier.test_classify_returns_suggested_level _________

self = <ctw_classify.tests.test_classifier.TestTaxonomyClassifier object at 0x0000021EE60ED910>

    def test_classify_returns_suggested_level(self):
        """ClassifyResult includes suggested InfoLevel"""
        source = _make_source("github_prefect")
>       classifier = TaxonomyClassifier()
                     ^^^^^^^^^^^^^^^^^^^^

skills\ctw_classify\tests\test_classifier.py:149: 
_ _ _ _ _ _ _ _ _ _ _ _ _ _ _ _ _ _ _ _ _ _ _ _ _ _ _ _ _ _ _ _ _ _ _ _ _ _ _ _
skills\ctw_classify\classifier.py:70: in __init__
    self.decision_tree = DecisionTree(ctw_project_path)
                         ^^^^^^^^^^^^^^^^^^^^^^^^^^^^^^
skills\ctw_classify\decision_tree.py:116: in __init__
    self._load_types()
skills\ctw_classify\decision_tree.py:120: in _load_types
    self.config.load_all()
lib\ctw_config.py:39: in load_all
    self._load_taxonomy()
lib\ctw_config.py:49: in _load_taxonomy
    data = yaml.safe_load(f)
           ^^^^^^^^^^^^^^^^^
C:\Python312\Lib\site-packages\yaml\__init__.py:125: in safe_load
    return load(stream, SafeLoader)
           ^^^^^^^^^^^^^^^^^^^^^^^^
C:\Python312\Lib\site-packages\yaml\__init__.py:81: in load
    return loader.get_single_data()
           ^^^^^^^^^^^^^^^^^^^^^^^^
C:\Python312\Lib\site-packages\yaml\constructor.py:49: in get_single_data
    node = self.get_single_node()
           ^^^^^^^^^^^^^^^^^^^^^^
C:\Python312\Lib\site-packages\yaml\composer.py:36: in get_single_node
    document = self.compose_document()
               ^^^^^^^^^^^^^^^^^^^^^^^
C:\Python312\Lib\site-packages\yaml\composer.py:55: in compose_document
    node = self.compose_node(None, None)
           ^^^^^^^^^^^^^^^^^^^^^^^^^^^^^
C:\Python312\Lib\site-packages\yaml\composer.py:84: in compose_node
    node = self.compose_mapping_node(anchor)
           ^^^^^^^^^^^^^^^^^^^^^^^^^^^^^^^^^
C:\Python312\Lib\site-packages\yaml\composer.py:133: in compose_mapping_node
    item_value = self.compose_node(node, item_key)
                 ^^^^^^^^^^^^^^^^^^^^^^^^^^^^^^^^^
C:\Python312\Lib\site-packages\yaml\composer.py:84: in compose_node
    node = self.compose_mapping_node(anchor)
           ^^^^^^^^^^^^^^^^^^^^^^^^^^^^^^^^^
C:\Python312\Lib\site-packages\yaml\composer.py:133: in compose_mapping_node
    item_value = self.compose_node(node, item_key)
                 ^^^^^^^^^^^^^^^^^^^^^^^^^^^^^^^^^
C:\Python312\Lib\site-packages\yaml\composer.py:84: in compose_node
    node = self.compose_mapping_node(anchor)
           ^^^^^^^^^^^^^^^^^^^^^^^^^^^^^^^^^
C:\Python312\Lib\site-packages\yaml\composer.py:127: in compose_mapping_node
    while not self.check_event(MappingEndEvent):
              ^^^^^^^^^^^^^^^^^^^^^^^^^^^^^^^^^
C:\Python312\Lib\site-packages\yaml\parser.py:98: in check_event
    self.current_event = self.state()
                         ^^^^^^^^^^^^
_ _ _ _ _ _ _ _ _ _ _ _ _ _ _ _ _ _ _ _ _ _ _ _ _ _ _ _ _ _ _ _ _ _ _ _ _ _ _ _

self = <yaml.loader.SafeLoader object at 0x0000021EE62FC350>

    def parse_block_mapping_key(self):
        if self.check_token(KeyToken):
            token = self.get_token()
            if not self.check_token(KeyToken, ValueToken, BlockEndToken):
                self.states.append(self.parse_block_mapping_value)
                return self.parse_block_node_or_indentless_sequence()
            else:
                self.state = self.parse_block_mapping_value
                return self.process_empty_scalar(token.end_mark)
        if not self.check_token(BlockEndToken):
            token = self.peek_token()
>           raise ParserError("while parsing a block mapping", self.marks[-1],
                    "expected <block end>, but found %r" % token.id, token.start_mark)
E           yaml.parser.ParserError: while parsing a block mapping
E             in "D:\MainWorkSpace\contextToWhatend\taxonomy\types.yaml", line 401, column 5
E           expected <block end>, but found '<scalar>'
E             in "D:\MainWorkSpace\contextToWhatend\taxonomy\types.yaml", line 411, column 37

C:\Python312\Lib\site-packages\yaml\parser.py:438: ParserError
______________ TestTaxonomyClassifier.test_classify_all_fixtures ______________

self = <ctw_classify.tests.test_classifier.TestTaxonomyClassifier object at 0x0000021EE60EDBB0>

    def test_classify_all_fixtures(self):
        """All fixtures classify without errors"""
>       classifier = TaxonomyClassifier()
                     ^^^^^^^^^^^^^^^^^^^^

skills\ctw_classify\tests\test_classifier.py:157: 
_ _ _ _ _ _ _ _ _ _ _ _ _ _ _ _ _ _ _ _ _ _ _ _ _ _ _ _ _ _ _ _ _ _ _ _ _ _ _ _
skills\ctw_classify\classifier.py:70: in __init__
    self.decision_tree = DecisionTree(ctw_project_path)
                         ^^^^^^^^^^^^^^^^^^^^^^^^^^^^^^
skills\ctw_classify\decision_tree.py:116: in __init__
    self._load_types()
skills\ctw_classify\decision_tree.py:120: in _load_types
    self.config.load_all()
lib\ctw_config.py:39: in load_all
    self._load_taxonomy()
lib\ctw_config.py:49: in _load_taxonomy
    data = yaml.safe_load(f)
           ^^^^^^^^^^^^^^^^^
C:\Python312\Lib\site-packages\yaml\__init__.py:125: in safe_load
    return load(stream, SafeLoader)
           ^^^^^^^^^^^^^^^^^^^^^^^^
C:\Python312\Lib\site-packages\yaml\__init__.py:81: in load
    return loader.get_single_data()
           ^^^^^^^^^^^^^^^^^^^^^^^^
C:\Python312\Lib\site-packages\yaml\constructor.py:49: in get_single_data
    node = self.get_single_node()
           ^^^^^^^^^^^^^^^^^^^^^^
C:\Python312\Lib\site-packages\yaml\composer.py:36: in get_single_node
    document = self.compose_document()
               ^^^^^^^^^^^^^^^^^^^^^^^
C:\Python312\Lib\site-packages\yaml\composer.py:55: in compose_document
    node = self.compose_node(None, None)
           ^^^^^^^^^^^^^^^^^^^^^^^^^^^^^
C:\Python312\Lib\site-packages\yaml\composer.py:84: in compose_node
    node = self.compose_mapping_node(anchor)
           ^^^^^^^^^^^^^^^^^^^^^^^^^^^^^^^^^
C:\Python312\Lib\site-packages\yaml\composer.py:133: in compose_mapping_node
    item_value = self.compose_node(node, item_key)
                 ^^^^^^^^^^^^^^^^^^^^^^^^^^^^^^^^^
C:\Python312\Lib\site-packages\yaml\composer.py:84: in compose_node
    node = self.compose_mapping_node(anchor)
           ^^^^^^^^^^^^^^^^^^^^^^^^^^^^^^^^^
C:\Python312\Lib\site-packages\yaml\composer.py:133: in compose_mapping_node
    item_value = self.compose_node(node, item_key)
                 ^^^^^^^^^^^^^^^^^^^^^^^^^^^^^^^^^
C:\Python312\Lib\site-packages\yaml\composer.py:84: in compose_node
    node = self.compose_mapping_node(anchor)
           ^^^^^^^^^^^^^^^^^^^^^^^^^^^^^^^^^
C:\Python312\Lib\site-packages\yaml\composer.py:127: in compose_mapping_node
    while not self.check_event(MappingEndEvent):
              ^^^^^^^^^^^^^^^^^^^^^^^^^^^^^^^^^
C:\Python312\Lib\site-packages\yaml\parser.py:98: in check_event
    self.current_event = self.state()
                         ^^^^^^^^^^^^
_ _ _ _ _ _ _ _ _ _ _ _ _ _ _ _ _ _ _ _ _ _ _ _ _ _ _ _ _ _ _ _ _ _ _ _ _ _ _ _

self = <yaml.loader.SafeLoader object at 0x0000021EE631A300>

    def parse_block_mapping_key(self):
        if self.check_token(KeyToken):
            token = self.get_token()
            if not self.check_token(KeyToken, ValueToken, BlockEndToken):
                self.states.append(self.parse_block_mapping_value)
                return self.parse_block_node_or_indentless_sequence()
            else:
                self.state = self.parse_block_mapping_value
                return self.process_empty_scalar(token.end_mark)
        if not self.check_token(BlockEndToken):
            token = self.peek_token()
>           raise ParserError("while parsing a block mapping", self.marks[-1],
                    "expected <block end>, but found %r" % token.id, token.start_mark)
E           yaml.parser.ParserError: while parsing a block mapping
E             in "D:\MainWorkSpace\contextToWhatend\taxonomy\types.yaml", line 401, column 5
E           expected <block end>, but found '<scalar>'
E             in "D:\MainWorkSpace\contextToWhatend\taxonomy\types.yaml", line 411, column 37

C:\Python312\Lib\site-packages\yaml\parser.py:438: ParserError
_____________ TestTaxonomyClassifier.test_duplicate_source_types ______________

self = <ctw_classify.tests.test_classifier.TestTaxonomyClassifier object at 0x0000021EE60EDE80>

    def test_duplicate_source_types(self):
        """Sources that overlap categories are handled correctly"""
        # A source that is both a tool review AND AI agent related
        source = SourceInput(
            url="https://example.com",
            title="LangChain vs CrewAI: AI Agent Framework Comparison 2024",
            description="Systematic comparison of two AI agent frameworks",
            content="We evaluate LangChain and CrewAI across 10 dimensions: agent architecture, tool integration, memory systems, multi-agent coordination...",
        )
>       classifier = TaxonomyClassifier()
                     ^^^^^^^^^^^^^^^^^^^^

skills\ctw_classify\tests\test_classifier.py:176: 
_ _ _ _ _ _ _ _ _ _ _ _ _ _ _ _ _ _ _ _ _ _ _ _ _ _ _ _ _ _ _ _ _ _ _ _ _ _ _ _
skills\ctw_classify\classifier.py:70: in __init__
    self.decision_tree = DecisionTree(ctw_project_path)
                         ^^^^^^^^^^^^^^^^^^^^^^^^^^^^^^
skills\ctw_classify\decision_tree.py:116: in __init__
    self._load_types()
skills\ctw_classify\decision_tree.py:120: in _load_types
    self.config.load_all()
lib\ctw_config.py:39: in load_all
    self._load_taxonomy()
lib\ctw_config.py:49: in _load_taxonomy
    data = yaml.safe_load(f)
           ^^^^^^^^^^^^^^^^^
C:\Python312\Lib\site-packages\yaml\__init__.py:125: in safe_load
    return load(stream, SafeLoader)
           ^^^^^^^^^^^^^^^^^^^^^^^^
C:\Python312\Lib\site-packages\yaml\__init__.py:81: in load
    return loader.get_single_data()
           ^^^^^^^^^^^^^^^^^^^^^^^^
C:\Python312\Lib\site-packages\yaml\constructor.py:49: in get_single_data
    node = self.get_single_node()
           ^^^^^^^^^^^^^^^^^^^^^^
C:\Python312\Lib\site-packages\yaml\composer.py:36: in get_single_node
    document = self.compose_document()
               ^^^^^^^^^^^^^^^^^^^^^^^
C:\Python312\Lib\site-packages\yaml\composer.py:55: in compose_document
    node = self.compose_node(None, None)
           ^^^^^^^^^^^^^^^^^^^^^^^^^^^^^
C:\Python312\Lib\site-packages\yaml\composer.py:84: in compose_node
    node = self.compose_mapping_node(anchor)
           ^^^^^^^^^^^^^^^^^^^^^^^^^^^^^^^^^
C:\Python312\Lib\site-packages\yaml\composer.py:133: in compose_mapping_node
    item_value = self.compose_node(node, item_key)
                 ^^^^^^^^^^^^^^^^^^^^^^^^^^^^^^^^^
C:\Python312\Lib\site-packages\yaml\composer.py:84: in compose_node
    node = self.compose_mapping_node(anchor)
           ^^^^^^^^^^^^^^^^^^^^^^^^^^^^^^^^^
C:\Python312\Lib\site-packages\yaml\composer.py:133: in compose_mapping_node
    item_value = self.compose_node(node, item_key)
                 ^^^^^^^^^^^^^^^^^^^^^^^^^^^^^^^^^
C:\Python312\Lib\site-packages\yaml\composer.py:84: in compose_node
    node = self.compose_mapping_node(anchor)
           ^^^^^^^^^^^^^^^^^^^^^^^^^^^^^^^^^
C:\Python312\Lib\site-packages\yaml\composer.py:127: in compose_mapping_node
    while not self.check_event(MappingEndEvent):
              ^^^^^^^^^^^^^^^^^^^^^^^^^^^^^^^^^
C:\Python312\Lib\site-packages\yaml\parser.py:98: in check_event
    self.current_event = self.state()
                         ^^^^^^^^^^^^
_ _ _ _ _ _ _ _ _ _ _ _ _ _ _ _ _ _ _ _ _ _ _ _ _ _ _ _ _ _ _ _ _ _ _ _ _ _ _ _

self = <yaml.loader.SafeLoader object at 0x0000021EE62F15B0>

    def parse_block_mapping_key(self):
        if self.check_token(KeyToken):
            token = self.get_token()
            if not self.check_token(KeyToken, ValueToken, BlockEndToken):
                self.states.append(self.parse_block_mapping_value)
                return self.parse_block_node_or_indentless_sequence()
            else:
                self.state = self.parse_block_mapping_value
                return self.process_empty_scalar(token.end_mark)
        if not self.check_token(BlockEndToken):
            token = self.peek_token()
>           raise ParserError("while parsing a block mapping", self.marks[-1],
                    "expected <block end>, but found %r" % token.id, token.start_mark)
E           yaml.parser.ParserError: while parsing a block mapping
E             in "D:\MainWorkSpace\contextToWhatend\taxonomy\types.yaml", line 401, column 5
E           expected <block end>, but found '<scalar>'
E             in "D:\MainWorkSpace\contextToWhatend\taxonomy\types.yaml", line 411, column 37

C:\Python312\Lib\site-packages\yaml\parser.py:438: ParserError
_________ TestTaxonomyClassifier.test_classify_result_output_targets __________

self = <ctw_classify.tests.test_classifier.TestTaxonomyClassifier object at 0x0000021EE60EE150>

    def test_classify_result_output_targets(self):
        """ClassifyResult includes output_targets dict"""
        source = _make_source("bilibili_mcp_video")
>       classifier = TaxonomyClassifier()
                     ^^^^^^^^^^^^^^^^^^^^

skills\ctw_classify\tests\test_classifier.py:184: 
_ _ _ _ _ _ _ _ _ _ _ _ _ _ _ _ _ _ _ _ _ _ _ _ _ _ _ _ _ _ _ _ _ _ _ _ _ _ _ _
skills\ctw_classify\classifier.py:70: in __init__
    self.decision_tree = DecisionTree(ctw_project_path)
                         ^^^^^^^^^^^^^^^^^^^^^^^^^^^^^^
skills\ctw_classify\decision_tree.py:116: in __init__
    self._load_types()
skills\ctw_classify\decision_tree.py:120: in _load_types
    self.config.load_all()
lib\ctw_config.py:39: in load_all
    self._load_taxonomy()
lib\ctw_config.py:49: in _load_taxonomy
    data = yaml.safe_load(f)
           ^^^^^^^^^^^^^^^^^
C:\Python312\Lib\site-packages\yaml\__init__.py:125: in safe_load
    return load(stream, SafeLoader)
           ^^^^^^^^^^^^^^^^^^^^^^^^
C:\Python312\Lib\site-packages\yaml\__init__.py:81: in load
    return loader.get_single_data()
           ^^^^^^^^^^^^^^^^^^^^^^^^
C:\Python312\Lib\site-packages\yaml\constructor.py:49: in get_single_data
    node = self.get_single_node()
           ^^^^^^^^^^^^^^^^^^^^^^
C:\Python312\Lib\site-packages\yaml\composer.py:36: in get_single_node
    document = self.compose_document()
               ^^^^^^^^^^^^^^^^^^^^^^^
C:\Python312\Lib\site-packages\yaml\composer.py:55: in compose_document
    node = self.compose_node(None, None)
           ^^^^^^^^^^^^^^^^^^^^^^^^^^^^^
C:\Python312\Lib\site-packages\yaml\composer.py:84: in compose_node
    node = self.compose_mapping_node(anchor)
           ^^^^^^^^^^^^^^^^^^^^^^^^^^^^^^^^^
C:\Python312\Lib\site-packages\yaml\composer.py:133: in compose_mapping_node
    item_value = self.compose_node(node, item_key)
                 ^^^^^^^^^^^^^^^^^^^^^^^^^^^^^^^^^
C:\Python312\Lib\site-packages\yaml\composer.py:84: in compose_node
    node = self.compose_mapping_node(anchor)
           ^^^^^^^^^^^^^^^^^^^^^^^^^^^^^^^^^
C:\Python312\Lib\site-packages\yaml\composer.py:133: in compose_mapping_node
    item_value = self.compose_node(node, item_key)
                 ^^^^^^^^^^^^^^^^^^^^^^^^^^^^^^^^^
C:\Python312\Lib\site-packages\yaml\composer.py:84: in compose_node
    node = self.compose_mapping_node(anchor)
           ^^^^^^^^^^^^^^^^^^^^^^^^^^^^^^^^^
C:\Python312\Lib\site-packages\yaml\composer.py:127: in compose_mapping_node
    while not self.check_event(MappingEndEvent):
              ^^^^^^^^^^^^^^^^^^^^^^^^^^^^^^^^^
C:\Python312\Lib\site-packages\yaml\parser.py:98: in check_event
    self.current_event = self.state()
                         ^^^^^^^^^^^^
_ _ _ _ _ _ _ _ _ _ _ _ _ _ _ _ _ _ _ _ _ _ _ _ _ _ _ _ _ _ _ _ _ _ _ _ _ _ _ _

self = <yaml.loader.SafeLoader object at 0x0000021EE6318140>

    def parse_block_mapping_key(self):
        if self.check_token(KeyToken):
            token = self.get_token()
            if not self.check_token(KeyToken, ValueToken, BlockEndToken):
                self.states.append(self.parse_block_mapping_value)
                return self.parse_block_node_or_indentless_sequence()
            else:
                self.state = self.parse_block_mapping_value
                return self.process_empty_scalar(token.end_mark)
        if not self.check_token(BlockEndToken):
            token = self.peek_token()
>           raise ParserError("while parsing a block mapping", self.marks[-1],
                    "expected <block end>, but found %r" % token.id, token.start_mark)
E           yaml.parser.ParserError: while parsing a block mapping
E             in "D:\MainWorkSpace\contextToWhatend\taxonomy\types.yaml", line 401, column 5
E           expected <block end>, but found '<scalar>'
E             in "D:\MainWorkSpace\contextToWhatend\taxonomy\types.yaml", line 411, column 37

C:\Python312\Lib\site-packages\yaml\parser.py:438: ParserError
______________ TestDecisionTree.test_classify_bilibili_mcp_video ______________

self = <ctw_classify.tests.test_decision_tree.TestDecisionTree object at 0x0000021EE60EEC30>

    def test_classify_bilibili_mcp_video(self):
        """B站 MCP 插件视频 → tool-extension"""
        source = _make_source("bilibili_mcp_video")
>       tree = DecisionTree()
               ^^^^^^^^^^^^^^

skills\ctw_classify\tests\test_decision_tree.py:43: 
_ _ _ _ _ _ _ _ _ _ _ _ _ _ _ _ _ _ _ _ _ _ _ _ _ _ _ _ _ _ _ _ _ _ _ _ _ _ _ _
skills\ctw_classify\decision_tree.py:116: in __init__
    self._load_types()
skills\ctw_classify\decision_tree.py:120: in _load_types
    self.config.load_all()
lib\ctw_config.py:39: in load_all
    self._load_taxonomy()
lib\ctw_config.py:49: in _load_taxonomy
    data = yaml.safe_load(f)
           ^^^^^^^^^^^^^^^^^
C:\Python312\Lib\site-packages\yaml\__init__.py:125: in safe_load
    return load(stream, SafeLoader)
           ^^^^^^^^^^^^^^^^^^^^^^^^
C:\Python312\Lib\site-packages\yaml\__init__.py:81: in load
    return loader.get_single_data()
           ^^^^^^^^^^^^^^^^^^^^^^^^
C:\Python312\Lib\site-packages\yaml\constructor.py:49: in get_single_data
    node = self.get_single_node()
           ^^^^^^^^^^^^^^^^^^^^^^
C:\Python312\Lib\site-packages\yaml\composer.py:36: in get_single_node
    document = self.compose_document()
               ^^^^^^^^^^^^^^^^^^^^^^^
C:\Python312\Lib\site-packages\yaml\composer.py:55: in compose_document
    node = self.compose_node(None, None)
           ^^^^^^^^^^^^^^^^^^^^^^^^^^^^^
C:\Python312\Lib\site-packages\yaml\composer.py:84: in compose_node
    node = self.compose_mapping_node(anchor)
           ^^^^^^^^^^^^^^^^^^^^^^^^^^^^^^^^^
C:\Python312\Lib\site-packages\yaml\composer.py:133: in compose_mapping_node
    item_value = self.compose_node(node, item_key)
                 ^^^^^^^^^^^^^^^^^^^^^^^^^^^^^^^^^
C:\Python312\Lib\site-packages\yaml\composer.py:84: in compose_node
    node = self.compose_mapping_node(anchor)
           ^^^^^^^^^^^^^^^^^^^^^^^^^^^^^^^^^
C:\Python312\Lib\site-packages\yaml\composer.py:133: in compose_mapping_node
    item_value = self.compose_node(node, item_key)
                 ^^^^^^^^^^^^^^^^^^^^^^^^^^^^^^^^^
C:\Python312\Lib\site-packages\yaml\composer.py:84: in compose_node
    node = self.compose_mapping_node(anchor)
           ^^^^^^^^^^^^^^^^^^^^^^^^^^^^^^^^^
C:\Python312\Lib\site-packages\yaml\composer.py:127: in compose_mapping_node
    while not self.check_event(MappingEndEvent):
              ^^^^^^^^^^^^^^^^^^^^^^^^^^^^^^^^^
C:\Python312\Lib\site-packages\yaml\parser.py:98: in check_event
    self.current_event = self.state()
                         ^^^^^^^^^^^^
_ _ _ _ _ _ _ _ _ _ _ _ _ _ _ _ _ _ _ _ _ _ _ _ _ _ _ _ _ _ _ _ _ _ _ _ _ _ _ _

self = <yaml.loader.SafeLoader object at 0x0000021EE631C440>

    def parse_block_mapping_key(self):
        if self.check_token(KeyToken):
            token = self.get_token()
            if not self.check_token(KeyToken, ValueToken, BlockEndToken):
                self.states.append(self.parse_block_mapping_value)
                return self.parse_block_node_or_indentless_sequence()
            else:
                self.state = self.parse_block_mapping_value
                return self.process_empty_scalar(token.end_mark)
        if not self.check_token(BlockEndToken):
            token = self.peek_token()
>           raise ParserError("while parsing a block mapping", self.marks[-1],
                    "expected <block end>, but found %r" % token.id, token.start_mark)
E           yaml.parser.ParserError: while parsing a block mapping
E             in "D:\MainWorkSpace\contextToWhatend\taxonomy\types.yaml", line 401, column 5
E           expected <block end>, but found '<scalar>'
E             in "D:\MainWorkSpace\contextToWhatend\taxonomy\types.yaml", line 411, column 37

C:\Python312\Lib\site-packages\yaml\parser.py:438: ParserError
________________ TestDecisionTree.test_classify_github_prefect ________________

self = <ctw_classify.tests.test_decision_tree.TestDecisionTree object at 0x0000021EE60EEF00>

    def test_classify_github_prefect(self):
        """GitHub Prefect 仓库 → architecture-analysis"""
        source = _make_source("github_prefect")
>       tree = DecisionTree()
               ^^^^^^^^^^^^^^

skills\ctw_classify\tests\test_decision_tree.py:51: 
_ _ _ _ _ _ _ _ _ _ _ _ _ _ _ _ _ _ _ _ _ _ _ _ _ _ _ _ _ _ _ _ _ _ _ _ _ _ _ _
skills\ctw_classify\decision_tree.py:116: in __init__
    self._load_types()
skills\ctw_classify\decision_tree.py:120: in _load_types
    self.config.load_all()
lib\ctw_config.py:39: in load_all
    self._load_taxonomy()
lib\ctw_config.py:49: in _load_taxonomy
    data = yaml.safe_load(f)
           ^^^^^^^^^^^^^^^^^
C:\Python312\Lib\site-packages\yaml\__init__.py:125: in safe_load
    return load(stream, SafeLoader)
           ^^^^^^^^^^^^^^^^^^^^^^^^
C:\Python312\Lib\site-packages\yaml\__init__.py:81: in load
    return loader.get_single_data()
           ^^^^^^^^^^^^^^^^^^^^^^^^
C:\Python312\Lib\site-packages\yaml\constructor.py:49: in get_single_data
    node = self.get_single_node()
           ^^^^^^^^^^^^^^^^^^^^^^
C:\Python312\Lib\site-packages\yaml\composer.py:36: in get_single_node
    document = self.compose_document()
               ^^^^^^^^^^^^^^^^^^^^^^^
C:\Python312\Lib\site-packages\yaml\composer.py:55: in compose_document
    node = self.compose_node(None, None)
           ^^^^^^^^^^^^^^^^^^^^^^^^^^^^^
C:\Python312\Lib\site-packages\yaml\composer.py:84: in compose_node
    node = self.compose_mapping_node(anchor)
           ^^^^^^^^^^^^^^^^^^^^^^^^^^^^^^^^^
C:\Python312\Lib\site-packages\yaml\composer.py:133: in compose_mapping_node
    item_value = self.compose_node(node, item_key)
                 ^^^^^^^^^^^^^^^^^^^^^^^^^^^^^^^^^
C:\Python312\Lib\site-packages\yaml\composer.py:84: in compose_node
    node = self.compose_mapping_node(anchor)
           ^^^^^^^^^^^^^^^^^^^^^^^^^^^^^^^^^
C:\Python312\Lib\site-packages\yaml\composer.py:133: in compose_mapping_node
    item_value = self.compose_node(node, item_key)
                 ^^^^^^^^^^^^^^^^^^^^^^^^^^^^^^^^^
C:\Python312\Lib\site-packages\yaml\composer.py:84: in compose_node
    node = self.compose_mapping_node(anchor)
           ^^^^^^^^^^^^^^^^^^^^^^^^^^^^^^^^^
C:\Python312\Lib\site-packages\yaml\composer.py:127: in compose_mapping_node
    while not self.check_event(MappingEndEvent):
              ^^^^^^^^^^^^^^^^^^^^^^^^^^^^^^^^^
C:\Python312\Lib\site-packages\yaml\parser.py:98: in check_event
    self.current_event = self.state()
                         ^^^^^^^^^^^^
_ _ _ _ _ _ _ _ _ _ _ _ _ _ _ _ _ _ _ _ _ _ _ _ _ _ _ _ _ _ _ _ _ _ _ _ _ _ _ _

self = <yaml.loader.SafeLoader object at 0x0000021EE6308920>

    def parse_block_mapping_key(self):
        if self.check_token(KeyToken):
            token = self.get_token()
            if not self.check_token(KeyToken, ValueToken, BlockEndToken):
                self.states.append(self.parse_block_mapping_value)
                return self.parse_block_node_or_indentless_sequence()
            else:
                self.state = self.parse_block_mapping_value
                return self.process_empty_scalar(token.end_mark)
        if not self.check_token(BlockEndToken):
            token = self.peek_token()
>           raise ParserError("while parsing a block mapping", self.marks[-1],
                    "expected <block end>, but found %r" % token.id, token.start_mark)
E           yaml.parser.ParserError: while parsing a block mapping
E             in "D:\MainWorkSpace\contextToWhatend\taxonomy\types.yaml", line 401, column 5
E           expected <block end>, but found '<scalar>'
E             in "D:\MainWorkSpace\contextToWhatend\taxonomy\types.yaml", line 411, column 37

C:\Python312\Lib\site-packages\yaml\parser.py:438: ParserError
__________________ TestDecisionTree.test_classify_pdf_paper ___________________

self = <ctw_classify.tests.test_decision_tree.TestDecisionTree object at 0x0000021EE60EF1D0>

    def test_classify_pdf_paper(self):
        """arXiv 论文 → paper-review"""
        source = _make_source("pdf_paper")
>       tree = DecisionTree()
               ^^^^^^^^^^^^^^

skills\ctw_classify\tests\test_decision_tree.py:59: 
_ _ _ _ _ _ _ _ _ _ _ _ _ _ _ _ _ _ _ _ _ _ _ _ _ _ _ _ _ _ _ _ _ _ _ _ _ _ _ _
skills\ctw_classify\decision_tree.py:116: in __init__
    self._load_types()
skills\ctw_classify\decision_tree.py:120: in _load_types
    self.config.load_all()
lib\ctw_config.py:39: in load_all
    self._load_taxonomy()
lib\ctw_config.py:49: in _load_taxonomy
    data = yaml.safe_load(f)
           ^^^^^^^^^^^^^^^^^
C:\Python312\Lib\site-packages\yaml\__init__.py:125: in safe_load
    return load(stream, SafeLoader)
           ^^^^^^^^^^^^^^^^^^^^^^^^
C:\Python312\Lib\site-packages\yaml\__init__.py:81: in load
    return loader.get_single_data()
           ^^^^^^^^^^^^^^^^^^^^^^^^
C:\Python312\Lib\site-packages\yaml\constructor.py:49: in get_single_data
    node = self.get_single_node()
           ^^^^^^^^^^^^^^^^^^^^^^
C:\Python312\Lib\site-packages\yaml\composer.py:36: in get_single_node
    document = self.compose_document()
               ^^^^^^^^^^^^^^^^^^^^^^^
C:\Python312\Lib\site-packages\yaml\composer.py:55: in compose_document
    node = self.compose_node(None, None)
           ^^^^^^^^^^^^^^^^^^^^^^^^^^^^^
C:\Python312\Lib\site-packages\yaml\composer.py:84: in compose_node
    node = self.compose_mapping_node(anchor)
           ^^^^^^^^^^^^^^^^^^^^^^^^^^^^^^^^^
C:\Python312\Lib\site-packages\yaml\composer.py:133: in compose_mapping_node
    item_value = self.compose_node(node, item_key)
                 ^^^^^^^^^^^^^^^^^^^^^^^^^^^^^^^^^
C:\Python312\Lib\site-packages\yaml\composer.py:84: in compose_node
    node = self.compose_mapping_node(anchor)
           ^^^^^^^^^^^^^^^^^^^^^^^^^^^^^^^^^
C:\Python312\Lib\site-packages\yaml\composer.py:133: in compose_mapping_node
    item_value = self.compose_node(node, item_key)
                 ^^^^^^^^^^^^^^^^^^^^^^^^^^^^^^^^^
C:\Python312\Lib\site-packages\yaml\composer.py:84: in compose_node
    node = self.compose_mapping_node(anchor)
           ^^^^^^^^^^^^^^^^^^^^^^^^^^^^^^^^^
C:\Python312\Lib\site-packages\yaml\composer.py:127: in compose_mapping_node
    while not self.check_event(MappingEndEvent):
              ^^^^^^^^^^^^^^^^^^^^^^^^^^^^^^^^^
C:\Python312\Lib\site-packages\yaml\parser.py:98: in check_event
    self.current_event = self.state()
                         ^^^^^^^^^^^^
_ _ _ _ _ _ _ _ _ _ _ _ _ _ _ _ _ _ _ _ _ _ _ _ _ _ _ _ _ _ _ _ _ _ _ _ _ _ _ _

self = <yaml.loader.SafeLoader object at 0x0000021EE6143EF0>

    def parse_block_mapping_key(self):
        if self.check_token(KeyToken):
            token = self.get_token()
            if not self.check_token(KeyToken, ValueToken, BlockEndToken):
                self.states.append(self.parse_block_mapping_value)
                return self.parse_block_node_or_indentless_sequence()
            else:
                self.state = self.parse_block_mapping_value
                return self.process_empty_scalar(token.end_mark)
        if not self.check_token(BlockEndToken):
            token = self.peek_token()
>           raise ParserError("while parsing a block mapping", self.marks[-1],
                    "expected <block end>, but found %r" % token.id, token.start_mark)
E           yaml.parser.ParserError: while parsing a block mapping
E             in "D:\MainWorkSpace\contextToWhatend\taxonomy\types.yaml", line 401, column 5
E           expected <block end>, but found '<scalar>'
E             in "D:\MainWorkSpace\contextToWhatend\taxonomy\types.yaml", line 411, column 37

C:\Python312\Lib\site-packages\yaml\parser.py:438: ParserError
_________________ TestDecisionTree.test_classify_security_cve _________________

self = <ctw_classify.tests.test_decision_tree.TestDecisionTree object at 0x0000021EE60EF4A0>

    def test_classify_security_cve(self):
        """CVE 安全漏洞 → security-research"""
        source = _make_source("security_cve")
>       tree = DecisionTree()
               ^^^^^^^^^^^^^^

skills\ctw_classify\tests\test_decision_tree.py:67: 
_ _ _ _ _ _ _ _ _ _ _ _ _ _ _ _ _ _ _ _ _ _ _ _ _ _ _ _ _ _ _ _ _ _ _ _ _ _ _ _
skills\ctw_classify\decision_tree.py:116: in __init__
    self._load_types()
skills\ctw_classify\decision_tree.py:120: in _load_types
    self.config.load_all()
lib\ctw_config.py:39: in load_all
    self._load_taxonomy()
lib\ctw_config.py:49: in _load_taxonomy
    data = yaml.safe_load(f)
           ^^^^^^^^^^^^^^^^^
C:\Python312\Lib\site-packages\yaml\__init__.py:125: in safe_load
    return load(stream, SafeLoader)
           ^^^^^^^^^^^^^^^^^^^^^^^^
C:\Python312\Lib\site-packages\yaml\__init__.py:81: in load
    return loader.get_single_data()
           ^^^^^^^^^^^^^^^^^^^^^^^^
C:\Python312\Lib\site-packages\yaml\constructor.py:49: in get_single_data
    node = self.get_single_node()
           ^^^^^^^^^^^^^^^^^^^^^^
C:\Python312\Lib\site-packages\yaml\composer.py:36: in get_single_node
    document = self.compose_document()
               ^^^^^^^^^^^^^^^^^^^^^^^
C:\Python312\Lib\site-packages\yaml\composer.py:55: in compose_document
    node = self.compose_node(None, None)
           ^^^^^^^^^^^^^^^^^^^^^^^^^^^^^
C:\Python312\Lib\site-packages\yaml\composer.py:84: in compose_node
    node = self.compose_mapping_node(anchor)
           ^^^^^^^^^^^^^^^^^^^^^^^^^^^^^^^^^
C:\Python312\Lib\site-packages\yaml\composer.py:133: in compose_mapping_node
    item_value = self.compose_node(node, item_key)
                 ^^^^^^^^^^^^^^^^^^^^^^^^^^^^^^^^^
C:\Python312\Lib\site-packages\yaml\composer.py:84: in compose_node
    node = self.compose_mapping_node(anchor)
           ^^^^^^^^^^^^^^^^^^^^^^^^^^^^^^^^^
C:\Python312\Lib\site-packages\yaml\composer.py:133: in compose_mapping_node
    item_value = self.compose_node(node, item_key)
                 ^^^^^^^^^^^^^^^^^^^^^^^^^^^^^^^^^
C:\Python312\Lib\site-packages\yaml\composer.py:84: in compose_node
    node = self.compose_mapping_node(anchor)
           ^^^^^^^^^^^^^^^^^^^^^^^^^^^^^^^^^
C:\Python312\Lib\site-packages\yaml\composer.py:127: in compose_mapping_node
    while not self.check_event(MappingEndEvent):
              ^^^^^^^^^^^^^^^^^^^^^^^^^^^^^^^^^
C:\Python312\Lib\site-packages\yaml\parser.py:98: in check_event
    self.current_event = self.state()
                         ^^^^^^^^^^^^
_ _ _ _ _ _ _ _ _ _ _ _ _ _ _ _ _ _ _ _ _ _ _ _ _ _ _ _ _ _ _ _ _ _ _ _ _ _ _ _

self = <yaml.loader.SafeLoader object at 0x0000021EE612FB30>

    def parse_block_mapping_key(self):
        if self.check_token(KeyToken):
            token = self.get_token()
            if not self.check_token(KeyToken, ValueToken, BlockEndToken):
                self.states.append(self.parse_block_mapping_value)
                return self.parse_block_node_or_indentless_sequence()
            else:
                self.state = self.parse_block_mapping_value
                return self.process_empty_scalar(token.end_mark)
        if not self.check_token(BlockEndToken):
            token = self.peek_token()
>           raise ParserError("while parsing a block mapping", self.marks[-1],
                    "expected <block end>, but found %r" % token.id, token.start_mark)
E           yaml.parser.ParserError: while parsing a block mapping
E             in "D:\MainWorkSpace\contextToWhatend\taxonomy\types.yaml", line 401, column 5
E           expected <block end>, but found '<scalar>'
E             in "D:\MainWorkSpace\contextToWhatend\taxonomy\types.yaml", line 411, column 37

C:\Python312\Lib\site-packages\yaml\parser.py:438: ParserError
_________________ TestDecisionTree.test_classify_n8n_tutorial _________________

self = <ctw_classify.tests.test_decision_tree.TestDecisionTree object at 0x0000021EE60EF770>

    def test_classify_n8n_tutorial(self):
        """n8n 教程视频 → practice-tutorial"""
        source = _make_source("n8n_tutorial")
>       tree = DecisionTree()
               ^^^^^^^^^^^^^^

skills\ctw_classify\tests\test_decision_tree.py:75: 
_ _ _ _ _ _ _ _ _ _ _ _ _ _ _ _ _ _ _ _ _ _ _ _ _ _ _ _ _ _ _ _ _ _ _ _ _ _ _ _
skills\ctw_classify\decision_tree.py:116: in __init__
    self._load_types()
skills\ctw_classify\decision_tree.py:120: in _load_types
    self.config.load_all()
lib\ctw_config.py:39: in load_all
    self._load_taxonomy()
lib\ctw_config.py:49: in _load_taxonomy
    data = yaml.safe_load(f)
           ^^^^^^^^^^^^^^^^^
C:\Python312\Lib\site-packages\yaml\__init__.py:125: in safe_load
    return load(stream, SafeLoader)
           ^^^^^^^^^^^^^^^^^^^^^^^^
C:\Python312\Lib\site-packages\yaml\__init__.py:81: in load
    return loader.get_single_data()
           ^^^^^^^^^^^^^^^^^^^^^^^^
C:\Python312\Lib\site-packages\yaml\constructor.py:49: in get_single_data
    node = self.get_single_node()
           ^^^^^^^^^^^^^^^^^^^^^^
C:\Python312\Lib\site-packages\yaml\composer.py:36: in get_single_node
    document = self.compose_document()
               ^^^^^^^^^^^^^^^^^^^^^^^
C:\Python312\Lib\site-packages\yaml\composer.py:55: in compose_document
    node = self.compose_node(None, None)
           ^^^^^^^^^^^^^^^^^^^^^^^^^^^^^
C:\Python312\Lib\site-packages\yaml\composer.py:84: in compose_node
    node = self.compose_mapping_node(anchor)
           ^^^^^^^^^^^^^^^^^^^^^^^^^^^^^^^^^
C:\Python312\Lib\site-packages\yaml\composer.py:133: in compose_mapping_node
    item_value = self.compose_node(node, item_key)
                 ^^^^^^^^^^^^^^^^^^^^^^^^^^^^^^^^^
C:\Python312\Lib\site-packages\yaml\composer.py:84: in compose_node
    node = self.compose_mapping_node(anchor)
           ^^^^^^^^^^^^^^^^^^^^^^^^^^^^^^^^^
C:\Python312\Lib\site-packages\yaml\composer.py:133: in compose_mapping_node
    item_value = self.compose_node(node, item_key)
                 ^^^^^^^^^^^^^^^^^^^^^^^^^^^^^^^^^
C:\Python312\Lib\site-packages\yaml\composer.py:84: in compose_node
    node = self.compose_mapping_node(anchor)
           ^^^^^^^^^^^^^^^^^^^^^^^^^^^^^^^^^
C:\Python312\Lib\site-packages\yaml\composer.py:127: in compose_mapping_node
    while not self.check_event(MappingEndEvent):
              ^^^^^^^^^^^^^^^^^^^^^^^^^^^^^^^^^
C:\Python312\Lib\site-packages\yaml\parser.py:98: in check_event
    self.current_event = self.state()
                         ^^^^^^^^^^^^
_ _ _ _ _ _ _ _ _ _ _ _ _ _ _ _ _ _ _ _ _ _ _ _ _ _ _ _ _ _ _ _ _ _ _ _ _ _ _ _

self = <yaml.loader.SafeLoader object at 0x0000021EE632BF50>

    def parse_block_mapping_key(self):
        if self.check_token(KeyToken):
            token = self.get_token()
            if not self.check_token(KeyToken, ValueToken, BlockEndToken):
                self.states.append(self.parse_block_mapping_value)
                return self.parse_block_node_or_indentless_sequence()
            else:
                self.state = self.parse_block_mapping_value
                return self.process_empty_scalar(token.end_mark)
        if not self.check_token(BlockEndToken):
            token = self.peek_token()
>           raise ParserError("while parsing a block mapping", self.marks[-1],
                    "expected <block end>, but found %r" % token.id, token.start_mark)
E           yaml.parser.ParserError: while parsing a block mapping
E             in "D:\MainWorkSpace\contextToWhatend\taxonomy\types.yaml", line 401, column 5
E           expected <block end>, but found '<scalar>'
E             in "D:\MainWorkSpace\contextToWhatend\taxonomy\types.yaml", line 411, column 37

C:\Python312\Lib\site-packages\yaml\parser.py:438: ParserError
_______________ TestDecisionTree.test_classify_experience_blog ________________

self = <ctw_classify.tests.test_decision_tree.TestDecisionTree object at 0x0000021EE60EE9F0>

    def test_classify_experience_blog(self):
        """团队经验博客 → experience-share"""
        source = _make_source("experience_blog")
>       tree = DecisionTree()
               ^^^^^^^^^^^^^^

skills\ctw_classify\tests\test_decision_tree.py:83: 
_ _ _ _ _ _ _ _ _ _ _ _ _ _ _ _ _ _ _ _ _ _ _ _ _ _ _ _ _ _ _ _ _ _ _ _ _ _ _ _
skills\ctw_classify\decision_tree.py:116: in __init__
    self._load_types()
skills\ctw_classify\decision_tree.py:120: in _load_types
    self.config.load_all()
lib\ctw_config.py:39: in load_all
    self._load_taxonomy()
lib\ctw_config.py:49: in _load_taxonomy
    data = yaml.safe_load(f)
           ^^^^^^^^^^^^^^^^^
C:\Python312\Lib\site-packages\yaml\__init__.py:125: in safe_load
    return load(stream, SafeLoader)
           ^^^^^^^^^^^^^^^^^^^^^^^^
C:\Python312\Lib\site-packages\yaml\__init__.py:81: in load
    return loader.get_single_data()
           ^^^^^^^^^^^^^^^^^^^^^^^^
C:\Python312\Lib\site-packages\yaml\constructor.py:49: in get_single_data
    node = self.get_single_node()
           ^^^^^^^^^^^^^^^^^^^^^^
C:\Python312\Lib\site-packages\yaml\composer.py:36: in get_single_node
    document = self.compose_document()
               ^^^^^^^^^^^^^^^^^^^^^^^
C:\Python312\Lib\site-packages\yaml\composer.py:55: in compose_document
    node = self.compose_node(None, None)
           ^^^^^^^^^^^^^^^^^^^^^^^^^^^^^
C:\Python312\Lib\site-packages\yaml\composer.py:84: in compose_node
    node = self.compose_mapping_node(anchor)
           ^^^^^^^^^^^^^^^^^^^^^^^^^^^^^^^^^
C:\Python312\Lib\site-packages\yaml\composer.py:133: in compose_mapping_node
    item_value = self.compose_node(node, item_key)
                 ^^^^^^^^^^^^^^^^^^^^^^^^^^^^^^^^^
C:\Python312\Lib\site-packages\yaml\composer.py:84: in compose_node
    node = self.compose_mapping_node(anchor)
           ^^^^^^^^^^^^^^^^^^^^^^^^^^^^^^^^^
C:\Python312\Lib\site-packages\yaml\composer.py:133: in compose_mapping_node
    item_value = self.compose_node(node, item_key)
                 ^^^^^^^^^^^^^^^^^^^^^^^^^^^^^^^^^
C:\Python312\Lib\site-packages\yaml\composer.py:84: in compose_node
    node = self.compose_mapping_node(anchor)
           ^^^^^^^^^^^^^^^^^^^^^^^^^^^^^^^^^
C:\Python312\Lib\site-packages\yaml\composer.py:127: in compose_mapping_node
    while not self.check_event(MappingEndEvent):
              ^^^^^^^^^^^^^^^^^^^^^^^^^^^^^^^^^
C:\Python312\Lib\site-packages\yaml\parser.py:98: in check_event
    self.current_event = self.state()
                         ^^^^^^^^^^^^
_ _ _ _ _ _ _ _ _ _ _ _ _ _ _ _ _ _ _ _ _ _ _ _ _ _ _ _ _ _ _ _ _ _ _ _ _ _ _ _

self = <yaml.loader.SafeLoader object at 0x0000021EE6317FB0>

    def parse_block_mapping_key(self):
        if self.check_token(KeyToken):
            token = self.get_token()
            if not self.check_token(KeyToken, ValueToken, BlockEndToken):
                self.states.append(self.parse_block_mapping_value)
                return self.parse_block_node_or_indentless_sequence()
            else:
                self.state = self.parse_block_mapping_value
                return self.process_empty_scalar(token.end_mark)
        if not self.check_token(BlockEndToken):
            token = self.peek_token()
>           raise ParserError("while parsing a block mapping", self.marks[-1],
                    "expected <block end>, but found %r" % token.id, token.start_mark)
E           yaml.parser.ParserError: while parsing a block mapping
E             in "D:\MainWorkSpace\contextToWhatend\taxonomy\types.yaml", line 401, column 5
E           expected <block end>, but found '<scalar>'
E             in "D:\MainWorkSpace\contextToWhatend\taxonomy\types.yaml", line 411, column 37

C:\Python312\Lib\site-packages\yaml\parser.py:438: ParserError
___________________ TestDecisionTree.test_classify_unknown ____________________

self = <ctw_classify.tests.test_decision_tree.TestDecisionTree object at 0x0000021EE60EF4D0>

    def test_classify_unknown(self):
        """空输入 → unknown"""
        source = _make_source("unknown_source")
>       tree = DecisionTree()
               ^^^^^^^^^^^^^^

skills\ctw_classify\tests\test_decision_tree.py:91: 
_ _ _ _ _ _ _ _ _ _ _ _ _ _ _ _ _ _ _ _ _ _ _ _ _ _ _ _ _ _ _ _ _ _ _ _ _ _ _ _
skills\ctw_classify\decision_tree.py:116: in __init__
    self._load_types()
skills\ctw_classify\decision_tree.py:120: in _load_types
    self.config.load_all()
lib\ctw_config.py:39: in load_all
    self._load_taxonomy()
lib\ctw_config.py:49: in _load_taxonomy
    data = yaml.safe_load(f)
           ^^^^^^^^^^^^^^^^^
C:\Python312\Lib\site-packages\yaml\__init__.py:125: in safe_load
    return load(stream, SafeLoader)
           ^^^^^^^^^^^^^^^^^^^^^^^^
C:\Python312\Lib\site-packages\yaml\__init__.py:81: in load
    return loader.get_single_data()
           ^^^^^^^^^^^^^^^^^^^^^^^^
C:\Python312\Lib\site-packages\yaml\constructor.py:49: in get_single_data
    node = self.get_single_node()
           ^^^^^^^^^^^^^^^^^^^^^^
C:\Python312\Lib\site-packages\yaml\composer.py:36: in get_single_node
    document = self.compose_document()
               ^^^^^^^^^^^^^^^^^^^^^^^
C:\Python312\Lib\site-packages\yaml\composer.py:55: in compose_document
    node = self.compose_node(None, None)
           ^^^^^^^^^^^^^^^^^^^^^^^^^^^^^
C:\Python312\Lib\site-packages\yaml\composer.py:84: in compose_node
    node = self.compose_mapping_node(anchor)
           ^^^^^^^^^^^^^^^^^^^^^^^^^^^^^^^^^
C:\Python312\Lib\site-packages\yaml\composer.py:133: in compose_mapping_node
    item_value = self.compose_node(node, item_key)
                 ^^^^^^^^^^^^^^^^^^^^^^^^^^^^^^^^^
C:\Python312\Lib\site-packages\yaml\composer.py:84: in compose_node
    node = self.compose_mapping_node(anchor)
           ^^^^^^^^^^^^^^^^^^^^^^^^^^^^^^^^^
C:\Python312\Lib\site-packages\yaml\composer.py:133: in compose_mapping_node
    item_value = self.compose_node(node, item_key)
                 ^^^^^^^^^^^^^^^^^^^^^^^^^^^^^^^^^
C:\Python312\Lib\site-packages\yaml\composer.py:84: in compose_node
    node = self.compose_mapping_node(anchor)
           ^^^^^^^^^^^^^^^^^^^^^^^^^^^^^^^^^
C:\Python312\Lib\site-packages\yaml\composer.py:127: in compose_mapping_node
    while not self.check_event(MappingEndEvent):
              ^^^^^^^^^^^^^^^^^^^^^^^^^^^^^^^^^
C:\Python312\Lib\site-packages\yaml\parser.py:98: in check_event
    self.current_event = self.state()
                         ^^^^^^^^^^^^
_ _ _ _ _ _ _ _ _ _ _ _ _ _ _ _ _ _ _ _ _ _ _ _ _ _ _ _ _ _ _ _ _ _ _ _ _ _ _ _

self = <yaml.loader.SafeLoader object at 0x0000021EE61AD850>

    def parse_block_mapping_key(self):
        if self.check_token(KeyToken):
            token = self.get_token()
            if not self.check_token(KeyToken, ValueToken, BlockEndToken):
                self.states.append(self.parse_block_mapping_value)
                return self.parse_block_node_or_indentless_sequence()
            else:
                self.state = self.parse_block_mapping_value
                return self.process_empty_scalar(token.end_mark)
        if not self.check_token(BlockEndToken):
            token = self.peek_token()
>           raise ParserError("while parsing a block mapping", self.marks[-1],
                    "expected <block end>, but found %r" % token.id, token.start_mark)
E           yaml.parser.ParserError: while parsing a block mapping
E             in "D:\MainWorkSpace\contextToWhatend\taxonomy\types.yaml", line 401, column 5
E           expected <block end>, but found '<scalar>'
E             in "D:\MainWorkSpace\contextToWhatend\taxonomy\types.yaml", line 411, column 37

C:\Python312\Lib\site-packages\yaml\parser.py:438: ParserError
______________ TestDecisionTree.test_classify_ai_agent_framework ______________

self = <ctw_classify.tests.test_decision_tree.TestDecisionTree object at 0x0000021EE60EF0B0>

    def test_classify_ai_agent_framework(self):
        """AI Agent 框架 → ai-agent"""
        source = _make_source("ai_agent_framework")
>       tree = DecisionTree()
               ^^^^^^^^^^^^^^

skills\ctw_classify\tests\test_decision_tree.py:99: 
_ _ _ _ _ _ _ _ _ _ _ _ _ _ _ _ _ _ _ _ _ _ _ _ _ _ _ _ _ _ _ _ _ _ _ _ _ _ _ _
skills\ctw_classify\decision_tree.py:116: in __init__
    self._load_types()
skills\ctw_classify\decision_tree.py:120: in _load_types
    self.config.load_all()
lib\ctw_config.py:39: in load_all
    self._load_taxonomy()
lib\ctw_config.py:49: in _load_taxonomy
    data = yaml.safe_load(f)
           ^^^^^^^^^^^^^^^^^
C:\Python312\Lib\site-packages\yaml\__init__.py:125: in safe_load
    return load(stream, SafeLoader)
           ^^^^^^^^^^^^^^^^^^^^^^^^
C:\Python312\Lib\site-packages\yaml\__init__.py:81: in load
    return loader.get_single_data()
           ^^^^^^^^^^^^^^^^^^^^^^^^
C:\Python312\Lib\site-packages\yaml\constructor.py:49: in get_single_data
    node = self.get_single_node()
           ^^^^^^^^^^^^^^^^^^^^^^
C:\Python312\Lib\site-packages\yaml\composer.py:36: in get_single_node
    document = self.compose_document()
               ^^^^^^^^^^^^^^^^^^^^^^^
C:\Python312\Lib\site-packages\yaml\composer.py:55: in compose_document
    node = self.compose_node(None, None)
           ^^^^^^^^^^^^^^^^^^^^^^^^^^^^^
C:\Python312\Lib\site-packages\yaml\composer.py:84: in compose_node
    node = self.compose_mapping_node(anchor)
           ^^^^^^^^^^^^^^^^^^^^^^^^^^^^^^^^^
C:\Python312\Lib\site-packages\yaml\composer.py:133: in compose_mapping_node
    item_value = self.compose_node(node, item_key)
                 ^^^^^^^^^^^^^^^^^^^^^^^^^^^^^^^^^
C:\Python312\Lib\site-packages\yaml\composer.py:84: in compose_node
    node = self.compose_mapping_node(anchor)
           ^^^^^^^^^^^^^^^^^^^^^^^^^^^^^^^^^
C:\Python312\Lib\site-packages\yaml\composer.py:133: in compose_mapping_node
    item_value = self.compose_node(node, item_key)
                 ^^^^^^^^^^^^^^^^^^^^^^^^^^^^^^^^^
C:\Python312\Lib\site-packages\yaml\composer.py:84: in compose_node
    node = self.compose_mapping_node(anchor)
           ^^^^^^^^^^^^^^^^^^^^^^^^^^^^^^^^^
C:\Python312\Lib\site-packages\yaml\composer.py:127: in compose_mapping_node
    while not self.check_event(MappingEndEvent):
              ^^^^^^^^^^^^^^^^^^^^^^^^^^^^^^^^^
C:\Python312\Lib\site-packages\yaml\parser.py:98: in check_event
    self.current_event = self.state()
                         ^^^^^^^^^^^^
_ _ _ _ _ _ _ _ _ _ _ _ _ _ _ _ _ _ _ _ _ _ _ _ _ _ _ _ _ _ _ _ _ _ _ _ _ _ _ _

self = <yaml.loader.SafeLoader object at 0x0000021EE6321430>

    def parse_block_mapping_key(self):
        if self.check_token(KeyToken):
            token = self.get_token()
            if not self.check_token(KeyToken, ValueToken, BlockEndToken):
                self.states.append(self.parse_block_mapping_value)
                return self.parse_block_node_or_indentless_sequence()
            else:
                self.state = self.parse_block_mapping_value
                return self.process_empty_scalar(token.end_mark)
        if not self.check_token(BlockEndToken):
            token = self.peek_token()
>           raise ParserError("while parsing a block mapping", self.marks[-1],
                    "expected <block end>, but found %r" % token.id, token.start_mark)
E           yaml.parser.ParserError: while parsing a block mapping
E             in "D:\MainWorkSpace\contextToWhatend\taxonomy\types.yaml", line 401, column 5
E           expected <block end>, but found '<scalar>'
E             in "D:\MainWorkSpace\contextToWhatend\taxonomy\types.yaml", line 411, column 37

C:\Python312\Lib\site-packages\yaml\parser.py:438: ParserError
___________________ TestDecisionTree.test_classify_mcp_spec ___________________

self = <ctw_classify.tests.test_decision_tree.TestDecisionTree object at 0x0000021EE60EEC60>

    def test_classify_mcp_spec(self):
        """MCP 协议规范 → spec-standard"""
        source = _make_source("mcp_spec_standard")
>       tree = DecisionTree()
               ^^^^^^^^^^^^^^

skills\ctw_classify\tests\test_decision_tree.py:107: 
_ _ _ _ _ _ _ _ _ _ _ _ _ _ _ _ _ _ _ _ _ _ _ _ _ _ _ _ _ _ _ _ _ _ _ _ _ _ _ _
skills\ctw_classify\decision_tree.py:116: in __init__
    self._load_types()
skills\ctw_classify\decision_tree.py:120: in _load_types
    self.config.load_all()
lib\ctw_config.py:39: in load_all
    self._load_taxonomy()
lib\ctw_config.py:49: in _load_taxonomy
    data = yaml.safe_load(f)
           ^^^^^^^^^^^^^^^^^
C:\Python312\Lib\site-packages\yaml\__init__.py:125: in safe_load
    return load(stream, SafeLoader)
           ^^^^^^^^^^^^^^^^^^^^^^^^
C:\Python312\Lib\site-packages\yaml\__init__.py:81: in load
    return loader.get_single_data()
           ^^^^^^^^^^^^^^^^^^^^^^^^
C:\Python312\Lib\site-packages\yaml\constructor.py:49: in get_single_data
    node = self.get_single_node()
           ^^^^^^^^^^^^^^^^^^^^^^
C:\Python312\Lib\site-packages\yaml\composer.py:36: in get_single_node
    document = self.compose_document()
               ^^^^^^^^^^^^^^^^^^^^^^^
C:\Python312\Lib\site-packages\yaml\composer.py:55: in compose_document
    node = self.compose_node(None, None)
           ^^^^^^^^^^^^^^^^^^^^^^^^^^^^^
C:\Python312\Lib\site-packages\yaml\composer.py:84: in compose_node
    node = self.compose_mapping_node(anchor)
           ^^^^^^^^^^^^^^^^^^^^^^^^^^^^^^^^^
C:\Python312\Lib\site-packages\yaml\composer.py:133: in compose_mapping_node
    item_value = self.compose_node(node, item_key)
                 ^^^^^^^^^^^^^^^^^^^^^^^^^^^^^^^^^
C:\Python312\Lib\site-packages\yaml\composer.py:84: in compose_node
    node = self.compose_mapping_node(anchor)
           ^^^^^^^^^^^^^^^^^^^^^^^^^^^^^^^^^
C:\Python312\Lib\site-packages\yaml\composer.py:133: in compose_mapping_node
    item_value = self.compose_node(node, item_key)
                 ^^^^^^^^^^^^^^^^^^^^^^^^^^^^^^^^^
C:\Python312\Lib\site-packages\yaml\composer.py:84: in compose_node
    node = self.compose_mapping_node(anchor)
           ^^^^^^^^^^^^^^^^^^^^^^^^^^^^^^^^^
C:\Python312\Lib\site-packages\yaml\composer.py:127: in compose_mapping_node
    while not self.check_event(MappingEndEvent):
              ^^^^^^^^^^^^^^^^^^^^^^^^^^^^^^^^^
C:\Python312\Lib\site-packages\yaml\parser.py:98: in check_event
    self.current_event = self.state()
                         ^^^^^^^^^^^^
_ _ _ _ _ _ _ _ _ _ _ _ _ _ _ _ _ _ _ _ _ _ _ _ _ _ _ _ _ _ _ _ _ _ _ _ _ _ _ _

self = <yaml.loader.SafeLoader object at 0x0000021EE615CDA0>

    def parse_block_mapping_key(self):
        if self.check_token(KeyToken):
            token = self.get_token()
            if not self.check_token(KeyToken, ValueToken, BlockEndToken):
                self.states.append(self.parse_block_mapping_value)
                return self.parse_block_node_or_indentless_sequence()
            else:
                self.state = self.parse_block_mapping_value
                return self.process_empty_scalar(token.end_mark)
        if not self.check_token(BlockEndToken):
            token = self.peek_token()
>           raise ParserError("while parsing a block mapping", self.marks[-1],
                    "expected <block end>, but found %r" % token.id, token.start_mark)
E           yaml.parser.ParserError: while parsing a block mapping
E             in "D:\MainWorkSpace\contextToWhatend\taxonomy\types.yaml", line 401, column 5
E           expected <block end>, but found '<scalar>'
E             in "D:\MainWorkSpace\contextToWhatend\taxonomy\types.yaml", line 411, column 37

C:\Python312\Lib\site-packages\yaml\parser.py:438: ParserError
_______________ TestDecisionTree.test_classify_tool_review_blog _______________

self = <ctw_classify.tests.test_decision_tree.TestDecisionTree object at 0x0000021EE60EE030>

    def test_classify_tool_review_blog(self):
        """API 网关横评 → tool-review"""
        source = _make_source("tool_review_blog")
>       tree = DecisionTree()
               ^^^^^^^^^^^^^^

skills\ctw_classify\tests\test_decision_tree.py:115: 
_ _ _ _ _ _ _ _ _ _ _ _ _ _ _ _ _ _ _ _ _ _ _ _ _ _ _ _ _ _ _ _ _ _ _ _ _ _ _ _
skills\ctw_classify\decision_tree.py:116: in __init__
    self._load_types()
skills\ctw_classify\decision_tree.py:120: in _load_types
    self.config.load_all()
lib\ctw_config.py:39: in load_all
    self._load_taxonomy()
lib\ctw_config.py:49: in _load_taxonomy
    data = yaml.safe_load(f)
           ^^^^^^^^^^^^^^^^^
C:\Python312\Lib\site-packages\yaml\__init__.py:125: in safe_load
    return load(stream, SafeLoader)
           ^^^^^^^^^^^^^^^^^^^^^^^^
C:\Python312\Lib\site-packages\yaml\__init__.py:81: in load
    return loader.get_single_data()
           ^^^^^^^^^^^^^^^^^^^^^^^^
C:\Python312\Lib\site-packages\yaml\constructor.py:49: in get_single_data
    node = self.get_single_node()
           ^^^^^^^^^^^^^^^^^^^^^^
C:\Python312\Lib\site-packages\yaml\composer.py:36: in get_single_node
    document = self.compose_document()
               ^^^^^^^^^^^^^^^^^^^^^^^
C:\Python312\Lib\site-packages\yaml\composer.py:55: in compose_document
    node = self.compose_node(None, None)
           ^^^^^^^^^^^^^^^^^^^^^^^^^^^^^
C:\Python312\Lib\site-packages\yaml\composer.py:84: in compose_node
    node = self.compose_mapping_node(anchor)
           ^^^^^^^^^^^^^^^^^^^^^^^^^^^^^^^^^
C:\Python312\Lib\site-packages\yaml\composer.py:133: in compose_mapping_node
    item_value = self.compose_node(node, item_key)
                 ^^^^^^^^^^^^^^^^^^^^^^^^^^^^^^^^^
C:\Python312\Lib\site-packages\yaml\composer.py:84: in compose_node
    node = self.compose_mapping_node(anchor)
           ^^^^^^^^^^^^^^^^^^^^^^^^^^^^^^^^^
C:\Python312\Lib\site-packages\yaml\composer.py:133: in compose_mapping_node
    item_value = self.compose_node(node, item_key)
                 ^^^^^^^^^^^^^^^^^^^^^^^^^^^^^^^^^
C:\Python312\Lib\site-packages\yaml\composer.py:84: in compose_node
    node = self.compose_mapping_node(anchor)
           ^^^^^^^^^^^^^^^^^^^^^^^^^^^^^^^^^
C:\Python312\Lib\site-packages\yaml\composer.py:127: in compose_mapping_node
    while not self.check_event(MappingEndEvent):
              ^^^^^^^^^^^^^^^^^^^^^^^^^^^^^^^^^
C:\Python312\Lib\site-packages\yaml\parser.py:98: in check_event
    self.current_event = self.state()
                         ^^^^^^^^^^^^
_ _ _ _ _ _ _ _ _ _ _ _ _ _ _ _ _ _ _ _ _ _ _ _ _ _ _ _ _ _ _ _ _ _ _ _ _ _ _ _

self = <yaml.loader.SafeLoader object at 0x0000021EE6478A40>

    def parse_block_mapping_key(self):
        if self.check_token(KeyToken):
            token = self.get_token()
            if not self.check_token(KeyToken, ValueToken, BlockEndToken):
                self.states.append(self.parse_block_mapping_value)
                return self.parse_block_node_or_indentless_sequence()
            else:
                self.state = self.parse_block_mapping_value
                return self.process_empty_scalar(token.end_mark)
        if not self.check_token(BlockEndToken):
            token = self.peek_token()
>           raise ParserError("while parsing a block mapping", self.marks[-1],
                    "expected <block end>, but found %r" % token.id, token.start_mark)
E           yaml.parser.ParserError: while parsing a block mapping
E             in "D:\MainWorkSpace\contextToWhatend\taxonomy\types.yaml", line 401, column 5
E           expected <block end>, but found '<scalar>'
E             in "D:\MainWorkSpace\contextToWhatend\taxonomy\types.yaml", line 411, column 37

C:\Python312\Lib\site-packages\yaml\parser.py:438: ParserError
__________________ TestDecisionTree.test_classify_tech_news ___________________

self = <ctw_classify.tests.test_decision_tree.TestDecisionTree object at 0x0000021EE60EDBE0>

    def test_classify_tech_news(self):
        """OpenAI 发布新闻 → tech-news"""
        source = _make_source("tech_news_release")
>       tree = DecisionTree()
               ^^^^^^^^^^^^^^

skills\ctw_classify\tests\test_decision_tree.py:123: 
_ _ _ _ _ _ _ _ _ _ _ _ _ _ _ _ _ _ _ _ _ _ _ _ _ _ _ _ _ _ _ _ _ _ _ _ _ _ _ _
skills\ctw_classify\decision_tree.py:116: in __init__
    self._load_types()
skills\ctw_classify\decision_tree.py:120: in _load_types
    self.config.load_all()
lib\ctw_config.py:39: in load_all
    self._load_taxonomy()
lib\ctw_config.py:49: in _load_taxonomy
    data = yaml.safe_load(f)
           ^^^^^^^^^^^^^^^^^
C:\Python312\Lib\site-packages\yaml\__init__.py:125: in safe_load
    return load(stream, SafeLoader)
           ^^^^^^^^^^^^^^^^^^^^^^^^
C:\Python312\Lib\site-packages\yaml\__init__.py:81: in load
    return loader.get_single_data()
           ^^^^^^^^^^^^^^^^^^^^^^^^
C:\Python312\Lib\site-packages\yaml\constructor.py:49: in get_single_data
    node = self.get_single_node()
           ^^^^^^^^^^^^^^^^^^^^^^
C:\Python312\Lib\site-packages\yaml\composer.py:36: in get_single_node
    document = self.compose_document()
               ^^^^^^^^^^^^^^^^^^^^^^^
C:\Python312\Lib\site-packages\yaml\composer.py:55: in compose_document
    node = self.compose_node(None, None)
           ^^^^^^^^^^^^^^^^^^^^^^^^^^^^^
C:\Python312\Lib\site-packages\yaml\composer.py:84: in compose_node
    node = self.compose_mapping_node(anchor)
           ^^^^^^^^^^^^^^^^^^^^^^^^^^^^^^^^^
C:\Python312\Lib\site-packages\yaml\composer.py:133: in compose_mapping_node
    item_value = self.compose_node(node, item_key)
                 ^^^^^^^^^^^^^^^^^^^^^^^^^^^^^^^^^
C:\Python312\Lib\site-packages\yaml\composer.py:84: in compose_node
    node = self.compose_mapping_node(anchor)
           ^^^^^^^^^^^^^^^^^^^^^^^^^^^^^^^^^
C:\Python312\Lib\site-packages\yaml\composer.py:133: in compose_mapping_node
    item_value = self.compose_node(node, item_key)
                 ^^^^^^^^^^^^^^^^^^^^^^^^^^^^^^^^^
C:\Python312\Lib\site-packages\yaml\composer.py:84: in compose_node
    node = self.compose_mapping_node(anchor)
           ^^^^^^^^^^^^^^^^^^^^^^^^^^^^^^^^^
C:\Python312\Lib\site-packages\yaml\composer.py:127: in compose_mapping_node
    while not self.check_event(MappingEndEvent):
              ^^^^^^^^^^^^^^^^^^^^^^^^^^^^^^^^^
C:\Python312\Lib\site-packages\yaml\parser.py:98: in check_event
    self.current_event = self.state()
                         ^^^^^^^^^^^^
_ _ _ _ _ _ _ _ _ _ _ _ _ _ _ _ _ _ _ _ _ _ _ _ _ _ _ _ _ _ _ _ _ _ _ _ _ _ _ _

self = <yaml.loader.SafeLoader object at 0x0000021EE61CD2B0>

    def parse_block_mapping_key(self):
        if self.check_token(KeyToken):
            token = self.get_token()
            if not self.check_token(KeyToken, ValueToken, BlockEndToken):
                self.states.append(self.parse_block_mapping_value)
                return self.parse_block_node_or_indentless_sequence()
            else:
                self.state = self.parse_block_mapping_value
                return self.process_empty_scalar(token.end_mark)
        if not self.check_token(BlockEndToken):
            token = self.peek_token()
>           raise ParserError("while parsing a block mapping", self.marks[-1],
                    "expected <block end>, but found %r" % token.id, token.start_mark)
E           yaml.parser.ParserError: while parsing a block mapping
E             in "D:\MainWorkSpace\contextToWhatend\taxonomy\types.yaml", line 401, column 5
E           expected <block end>, but found '<scalar>'
E             in "D:\MainWorkSpace\contextToWhatend\taxonomy\types.yaml", line 411, column 37

C:\Python312\Lib\site-packages\yaml\parser.py:438: ParserError
__________________ TestDecisionTree.test_confidence_is_float __________________

self = <ctw_classify.tests.test_decision_tree.TestDecisionTree object at 0x0000021EE60ED820>

    def test_confidence_is_float(self):
        """Verify confidence is returned as float 0-1"""
        source = _make_source("bilibili_mcp_video")
>       tree = DecisionTree()
               ^^^^^^^^^^^^^^

skills\ctw_classify\tests\test_decision_tree.py:131: 
_ _ _ _ _ _ _ _ _ _ _ _ _ _ _ _ _ _ _ _ _ _ _ _ _ _ _ _ _ _ _ _ _ _ _ _ _ _ _ _
skills\ctw_classify\decision_tree.py:116: in __init__
    self._load_types()
skills\ctw_classify\decision_tree.py:120: in _load_types
    self.config.load_all()
lib\ctw_config.py:39: in load_all
    self._load_taxonomy()
lib\ctw_config.py:49: in _load_taxonomy
    data = yaml.safe_load(f)
           ^^^^^^^^^^^^^^^^^
C:\Python312\Lib\site-packages\yaml\__init__.py:125: in safe_load
    return load(stream, SafeLoader)
           ^^^^^^^^^^^^^^^^^^^^^^^^
C:\Python312\Lib\site-packages\yaml\__init__.py:81: in load
    return loader.get_single_data()
           ^^^^^^^^^^^^^^^^^^^^^^^^
C:\Python312\Lib\site-packages\yaml\constructor.py:49: in get_single_data
    node = self.get_single_node()
           ^^^^^^^^^^^^^^^^^^^^^^
C:\Python312\Lib\site-packages\yaml\composer.py:36: in get_single_node
    document = self.compose_document()
               ^^^^^^^^^^^^^^^^^^^^^^^
C:\Python312\Lib\site-packages\yaml\composer.py:55: in compose_document
    node = self.compose_node(None, None)
           ^^^^^^^^^^^^^^^^^^^^^^^^^^^^^
C:\Python312\Lib\site-packages\yaml\composer.py:84: in compose_node
    node = self.compose_mapping_node(anchor)
           ^^^^^^^^^^^^^^^^^^^^^^^^^^^^^^^^^
C:\Python312\Lib\site-packages\yaml\composer.py:133: in compose_mapping_node
    item_value = self.compose_node(node, item_key)
                 ^^^^^^^^^^^^^^^^^^^^^^^^^^^^^^^^^
C:\Python312\Lib\site-packages\yaml\composer.py:84: in compose_node
    node = self.compose_mapping_node(anchor)
           ^^^^^^^^^^^^^^^^^^^^^^^^^^^^^^^^^
C:\Python312\Lib\site-packages\yaml\composer.py:133: in compose_mapping_node
    item_value = self.compose_node(node, item_key)
                 ^^^^^^^^^^^^^^^^^^^^^^^^^^^^^^^^^
C:\Python312\Lib\site-packages\yaml\composer.py:84: in compose_node
    node = self.compose_mapping_node(anchor)
           ^^^^^^^^^^^^^^^^^^^^^^^^^^^^^^^^^
C:\Python312\Lib\site-packages\yaml\composer.py:127: in compose_mapping_node
    while not self.check_event(MappingEndEvent):
              ^^^^^^^^^^^^^^^^^^^^^^^^^^^^^^^^^
C:\Python312\Lib\site-packages\yaml\parser.py:98: in check_event
    self.current_event = self.state()
                         ^^^^^^^^^^^^
_ _ _ _ _ _ _ _ _ _ _ _ _ _ _ _ _ _ _ _ _ _ _ _ _ _ _ _ _ _ _ _ _ _ _ _ _ _ _ _

self = <yaml.loader.SafeLoader object at 0x0000021EE64C0C80>

    def parse_block_mapping_key(self):
        if self.check_token(KeyToken):
            token = self.get_token()
            if not self.check_token(KeyToken, ValueToken, BlockEndToken):
                self.states.append(self.parse_block_mapping_value)
                return self.parse_block_node_or_indentless_sequence()
            else:
                self.state = self.parse_block_mapping_value
                return self.process_empty_scalar(token.end_mark)
        if not self.check_token(BlockEndToken):
            token = self.peek_token()
>           raise ParserError("while parsing a block mapping", self.marks[-1],
                    "expected <block end>, but found %r" % token.id, token.start_mark)
E           yaml.parser.ParserError: while parsing a block mapping
E             in "D:\MainWorkSpace\contextToWhatend\taxonomy\types.yaml", line 401, column 5
E           expected <block end>, but found '<scalar>'
E             in "D:\MainWorkSpace\contextToWhatend\taxonomy\types.yaml", line 411, column 37

C:\Python312\Lib\site-packages\yaml\parser.py:438: ParserError
___________________ TestDecisionTree.test_all_types_tested ____________________

self = <ctw_classify.tests.test_decision_tree.TestDecisionTree object at 0x0000021EE60ED670>

    def test_all_types_tested(self):
        """Verify we have test cases for all 10 content types + unknown"""
>       tree = DecisionTree()
               ^^^^^^^^^^^^^^

skills\ctw_classify\tests\test_decision_tree.py:138: 
_ _ _ _ _ _ _ _ _ _ _ _ _ _ _ _ _ _ _ _ _ _ _ _ _ _ _ _ _ _ _ _ _ _ _ _ _ _ _ _
skills\ctw_classify\decision_tree.py:116: in __init__
    self._load_types()
skills\ctw_classify\decision_tree.py:120: in _load_types
    self.config.load_all()
lib\ctw_config.py:39: in load_all
    self._load_taxonomy()
lib\ctw_config.py:49: in _load_taxonomy
    data = yaml.safe_load(f)
           ^^^^^^^^^^^^^^^^^
C:\Python312\Lib\site-packages\yaml\__init__.py:125: in safe_load
    return load(stream, SafeLoader)
           ^^^^^^^^^^^^^^^^^^^^^^^^
C:\Python312\Lib\site-packages\yaml\__init__.py:81: in load
    return loader.get_single_data()
           ^^^^^^^^^^^^^^^^^^^^^^^^
C:\Python312\Lib\site-packages\yaml\constructor.py:49: in get_single_data
    node = self.get_single_node()
           ^^^^^^^^^^^^^^^^^^^^^^
C:\Python312\Lib\site-packages\yaml\composer.py:36: in get_single_node
    document = self.compose_document()
               ^^^^^^^^^^^^^^^^^^^^^^^
C:\Python312\Lib\site-packages\yaml\composer.py:55: in compose_document
    node = self.compose_node(None, None)
           ^^^^^^^^^^^^^^^^^^^^^^^^^^^^^
C:\Python312\Lib\site-packages\yaml\composer.py:84: in compose_node
    node = self.compose_mapping_node(anchor)
           ^^^^^^^^^^^^^^^^^^^^^^^^^^^^^^^^^
C:\Python312\Lib\site-packages\yaml\composer.py:133: in compose_mapping_node
    item_value = self.compose_node(node, item_key)
                 ^^^^^^^^^^^^^^^^^^^^^^^^^^^^^^^^^
C:\Python312\Lib\site-packages\yaml\composer.py:84: in compose_node
    node = self.compose_mapping_node(anchor)
           ^^^^^^^^^^^^^^^^^^^^^^^^^^^^^^^^^
C:\Python312\Lib\site-packages\yaml\composer.py:133: in compose_mapping_node
    item_value = self.compose_node(node, item_key)
                 ^^^^^^^^^^^^^^^^^^^^^^^^^^^^^^^^^
C:\Python312\Lib\site-packages\yaml\composer.py:84: in compose_node
    node = self.compose_mapping_node(anchor)
           ^^^^^^^^^^^^^^^^^^^^^^^^^^^^^^^^^
C:\Python312\Lib\site-packages\yaml\composer.py:127: in compose_mapping_node
    while not self.check_event(MappingEndEvent):
              ^^^^^^^^^^^^^^^^^^^^^^^^^^^^^^^^^
C:\Python312\Lib\site-packages\yaml\parser.py:98: in check_event
    self.current_event = self.state()
                         ^^^^^^^^^^^^
_ _ _ _ _ _ _ _ _ _ _ _ _ _ _ _ _ _ _ _ _ _ _ _ _ _ _ _ _ _ _ _ _ _ _ _ _ _ _ _

self = <yaml.loader.SafeLoader object at 0x0000021EE6539B50>

    def parse_block_mapping_key(self):
        if self.check_token(KeyToken):
            token = self.get_token()
            if not self.check_token(KeyToken, ValueToken, BlockEndToken):
                self.states.append(self.parse_block_mapping_value)
                return self.parse_block_node_or_indentless_sequence()
            else:
                self.state = self.parse_block_mapping_value
                return self.process_empty_scalar(token.end_mark)
        if not self.check_token(BlockEndToken):
            token = self.peek_token()
>           raise ParserError("while parsing a block mapping", self.marks[-1],
                    "expected <block end>, but found %r" % token.id, token.start_mark)
E           yaml.parser.ParserError: while parsing a block mapping
E             in "D:\MainWorkSpace\contextToWhatend\taxonomy\types.yaml", line 401, column 5
E           expected <block end>, but found '<scalar>'
E             in "D:\MainWorkSpace\contextToWhatend\taxonomy\types.yaml", line 411, column 37

C:\Python312\Lib\site-packages\yaml\parser.py:438: ParserError
______________ TestDecisionTree.test_loads_taxonomy_from_config _______________

self = <ctw_classify.tests.test_decision_tree.TestDecisionTree object at 0x0000021EE60ECE00>

    def test_loads_taxonomy_from_config(self):
        """Verify DecisionTree loads taxonomy types from CTWConfig"""
>       tree = DecisionTree()
               ^^^^^^^^^^^^^^

skills\ctw_classify\tests\test_decision_tree.py:147: 
_ _ _ _ _ _ _ _ _ _ _ _ _ _ _ _ _ _ _ _ _ _ _ _ _ _ _ _ _ _ _ _ _ _ _ _ _ _ _ _
skills\ctw_classify\decision_tree.py:116: in __init__
    self._load_types()
skills\ctw_classify\decision_tree.py:120: in _load_types
    self.config.load_all()
lib\ctw_config.py:39: in load_all
    self._load_taxonomy()
lib\ctw_config.py:49: in _load_taxonomy
    data = yaml.safe_load(f)
           ^^^^^^^^^^^^^^^^^
C:\Python312\Lib\site-packages\yaml\__init__.py:125: in safe_load
    return load(stream, SafeLoader)
           ^^^^^^^^^^^^^^^^^^^^^^^^
C:\Python312\Lib\site-packages\yaml\__init__.py:81: in load
    return loader.get_single_data()
           ^^^^^^^^^^^^^^^^^^^^^^^^
C:\Python312\Lib\site-packages\yaml\constructor.py:49: in get_single_data
    node = self.get_single_node()
           ^^^^^^^^^^^^^^^^^^^^^^
C:\Python312\Lib\site-packages\yaml\composer.py:36: in get_single_node
    document = self.compose_document()
               ^^^^^^^^^^^^^^^^^^^^^^^
C:\Python312\Lib\site-packages\yaml\composer.py:55: in compose_document
    node = self.compose_node(None, None)
           ^^^^^^^^^^^^^^^^^^^^^^^^^^^^^
C:\Python312\Lib\site-packages\yaml\composer.py:84: in compose_node
    node = self.compose_mapping_node(anchor)
           ^^^^^^^^^^^^^^^^^^^^^^^^^^^^^^^^^
C:\Python312\Lib\site-packages\yaml\composer.py:133: in compose_mapping_node
    item_value = self.compose_node(node, item_key)
                 ^^^^^^^^^^^^^^^^^^^^^^^^^^^^^^^^^
C:\Python312\Lib\site-packages\yaml\composer.py:84: in compose_node
    node = self.compose_mapping_node(anchor)
           ^^^^^^^^^^^^^^^^^^^^^^^^^^^^^^^^^
C:\Python312\Lib\site-packages\yaml\composer.py:133: in compose_mapping_node
    item_value = self.compose_node(node, item_key)
                 ^^^^^^^^^^^^^^^^^^^^^^^^^^^^^^^^^
C:\Python312\Lib\site-packages\yaml\composer.py:84: in compose_node
    node = self.compose_mapping_node(anchor)
           ^^^^^^^^^^^^^^^^^^^^^^^^^^^^^^^^^
C:\Python312\Lib\site-packages\yaml\composer.py:127: in compose_mapping_node
    while not self.check_event(MappingEndEvent):
              ^^^^^^^^^^^^^^^^^^^^^^^^^^^^^^^^^
C:\Python312\Lib\site-packages\yaml\parser.py:98: in check_event
    self.current_event = self.state()
                         ^^^^^^^^^^^^
_ _ _ _ _ _ _ _ _ _ _ _ _ _ _ _ _ _ _ _ _ _ _ _ _ _ _ _ _ _ _ _ _ _ _ _ _ _ _ _

self = <yaml.loader.SafeLoader object at 0x0000021EE64B7080>

    def parse_block_mapping_key(self):
        if self.check_token(KeyToken):
            token = self.get_token()
            if not self.check_token(KeyToken, ValueToken, BlockEndToken):
                self.states.append(self.parse_block_mapping_value)
                return self.parse_block_node_or_indentless_sequence()
            else:
                self.state = self.parse_block_mapping_value
                return self.process_empty_scalar(token.end_mark)
        if not self.check_token(BlockEndToken):
            token = self.peek_token()
>           raise ParserError("while parsing a block mapping", self.marks[-1],
                    "expected <block end>, but found %r" % token.id, token.start_mark)
E           yaml.parser.ParserError: while parsing a block mapping
E             in "D:\MainWorkSpace\contextToWhatend\taxonomy\types.yaml", line 401, column 5
E           expected <block end>, but found '<scalar>'
E             in "D:\MainWorkSpace\contextToWhatend\taxonomy\types.yaml", line 411, column 37

C:\Python312\Lib\site-packages\yaml\parser.py:438: ParserError
_________ TestDecisionTree.test_keyword_match_returns_high_confidence _________

self = <ctw_classify.tests.test_decision_tree.TestDecisionTree object at 0x0000021EE60ED3A0>

    def test_keyword_match_returns_high_confidence(self):
        """Keyword matching should return confidence >= 0.8"""
        source = _make_source("security_cve")
>       tree = DecisionTree()
               ^^^^^^^^^^^^^^

skills\ctw_classify\tests\test_decision_tree.py:155: 
_ _ _ _ _ _ _ _ _ _ _ _ _ _ _ _ _ _ _ _ _ _ _ _ _ _ _ _ _ _ _ _ _ _ _ _ _ _ _ _
skills\ctw_classify\decision_tree.py:116: in __init__
    self._load_types()
skills\ctw_classify\decision_tree.py:120: in _load_types
    self.config.load_all()
lib\ctw_config.py:39: in load_all
    self._load_taxonomy()
lib\ctw_config.py:49: in _load_taxonomy
    data = yaml.safe_load(f)
           ^^^^^^^^^^^^^^^^^
C:\Python312\Lib\site-packages\yaml\__init__.py:125: in safe_load
    return load(stream, SafeLoader)
           ^^^^^^^^^^^^^^^^^^^^^^^^
C:\Python312\Lib\site-packages\yaml\__init__.py:81: in load
    return loader.get_single_data()
           ^^^^^^^^^^^^^^^^^^^^^^^^
C:\Python312\Lib\site-packages\yaml\constructor.py:49: in get_single_data
    node = self.get_single_node()
           ^^^^^^^^^^^^^^^^^^^^^^
C:\Python312\Lib\site-packages\yaml\composer.py:36: in get_single_node
    document = self.compose_document()
               ^^^^^^^^^^^^^^^^^^^^^^^
C:\Python312\Lib\site-packages\yaml\composer.py:55: in compose_document
    node = self.compose_node(None, None)
           ^^^^^^^^^^^^^^^^^^^^^^^^^^^^^
C:\Python312\Lib\site-packages\yaml\composer.py:84: in compose_node
    node = self.compose_mapping_node(anchor)
           ^^^^^^^^^^^^^^^^^^^^^^^^^^^^^^^^^
C:\Python312\Lib\site-packages\yaml\composer.py:133: in compose_mapping_node
    item_value = self.compose_node(node, item_key)
                 ^^^^^^^^^^^^^^^^^^^^^^^^^^^^^^^^^
C:\Python312\Lib\site-packages\yaml\composer.py:84: in compose_node
    node = self.compose_mapping_node(anchor)
           ^^^^^^^^^^^^^^^^^^^^^^^^^^^^^^^^^
C:\Python312\Lib\site-packages\yaml\composer.py:133: in compose_mapping_node
    item_value = self.compose_node(node, item_key)
                 ^^^^^^^^^^^^^^^^^^^^^^^^^^^^^^^^^
C:\Python312\Lib\site-packages\yaml\composer.py:84: in compose_node
    node = self.compose_mapping_node(anchor)
           ^^^^^^^^^^^^^^^^^^^^^^^^^^^^^^^^^
C:\Python312\Lib\site-packages\yaml\composer.py:127: in compose_mapping_node
    while not self.check_event(MappingEndEvent):
              ^^^^^^^^^^^^^^^^^^^^^^^^^^^^^^^^^
C:\Python312\Lib\site-packages\yaml\parser.py:98: in check_event
    self.current_event = self.state()
                         ^^^^^^^^^^^^
_ _ _ _ _ _ _ _ _ _ _ _ _ _ _ _ _ _ _ _ _ _ _ _ _ _ _ _ _ _ _ _ _ _ _ _ _ _ _ _

self = <yaml.loader.SafeLoader object at 0x0000021EE63B68A0>

    def parse_block_mapping_key(self):
        if self.check_token(KeyToken):
            token = self.get_token()
            if not self.check_token(KeyToken, ValueToken, BlockEndToken):
                self.states.append(self.parse_block_mapping_value)
                return self.parse_block_node_or_indentless_sequence()
            else:
                self.state = self.parse_block_mapping_value
                return self.process_empty_scalar(token.end_mark)
        if not self.check_token(BlockEndToken):
            token = self.peek_token()
>           raise ParserError("while parsing a block mapping", self.marks[-1],
                    "expected <block end>, but found %r" % token.id, token.start_mark)
E           yaml.parser.ParserError: while parsing a block mapping
E             in "D:\MainWorkSpace\contextToWhatend\taxonomy\types.yaml", line 401, column 5
E           expected <block end>, but found '<scalar>'
E             in "D:\MainWorkSpace\contextToWhatend\taxonomy\types.yaml", line 411, column 37

C:\Python312\Lib\site-packages\yaml\parser.py:438: ParserError
_____________ TestDecisionTree.test_decision_tree_order_respected _____________

self = <ctw_classify.tests.test_decision_tree.TestDecisionTree object at 0x0000021EE60EFC50>

    def test_decision_tree_order_respected(self):
        """Security should take priority over other types"""
        # A source that mentions both CVE and AI Agent
        # Should be classified as security-research first
        source = SourceInput(
            title="CVE-2022 AI Agent Framework Vulnerability",
            description="A critical security vulnerability in crewAI agent framework",
            content="CVE-2022-xxxxx affects crewAI versions prior to 0.1.0. This vulnerability allows remote code execution through malicious task payloads. The AI agent framework does not properly sanitize task inputs.",
        )
>       tree = DecisionTree()
               ^^^^^^^^^^^^^^

skills\ctw_classify\tests\test_decision_tree.py:169: 
_ _ _ _ _ _ _ _ _ _ _ _ _ _ _ _ _ _ _ _ _ _ _ _ _ _ _ _ _ _ _ _ _ _ _ _ _ _ _ _
skills\ctw_classify\decision_tree.py:116: in __init__
    self._load_types()
skills\ctw_classify\decision_tree.py:120: in _load_types
    self.config.load_all()
lib\ctw_config.py:39: in load_all
    self._load_taxonomy()
lib\ctw_config.py:49: in _load_taxonomy
    data = yaml.safe_load(f)
           ^^^^^^^^^^^^^^^^^
C:\Python312\Lib\site-packages\yaml\__init__.py:125: in safe_load
    return load(stream, SafeLoader)
           ^^^^^^^^^^^^^^^^^^^^^^^^
C:\Python312\Lib\site-packages\yaml\__init__.py:81: in load
    return loader.get_single_data()
           ^^^^^^^^^^^^^^^^^^^^^^^^
C:\Python312\Lib\site-packages\yaml\constructor.py:49: in get_single_data
    node = self.get_single_node()
           ^^^^^^^^^^^^^^^^^^^^^^
C:\Python312\Lib\site-packages\yaml\composer.py:36: in get_single_node
    document = self.compose_document()
               ^^^^^^^^^^^^^^^^^^^^^^^
C:\Python312\Lib\site-packages\yaml\composer.py:55: in compose_document
    node = self.compose_node(None, None)
           ^^^^^^^^^^^^^^^^^^^^^^^^^^^^^
C:\Python312\Lib\site-packages\yaml\composer.py:84: in compose_node
    node = self.compose_mapping_node(anchor)
           ^^^^^^^^^^^^^^^^^^^^^^^^^^^^^^^^^
C:\Python312\Lib\site-packages\yaml\composer.py:133: in compose_mapping_node
    item_value = self.compose_node(node, item_key)
                 ^^^^^^^^^^^^^^^^^^^^^^^^^^^^^^^^^
C:\Python312\Lib\site-packages\yaml\composer.py:84: in compose_node
    node = self.compose_mapping_node(anchor)
           ^^^^^^^^^^^^^^^^^^^^^^^^^^^^^^^^^
C:\Python312\Lib\site-packages\yaml\composer.py:133: in compose_mapping_node
    item_value = self.compose_node(node, item_key)
                 ^^^^^^^^^^^^^^^^^^^^^^^^^^^^^^^^^
C:\Python312\Lib\site-packages\yaml\composer.py:84: in compose_node
    node = self.compose_mapping_node(anchor)
           ^^^^^^^^^^^^^^^^^^^^^^^^^^^^^^^^^
C:\Python312\Lib\site-packages\yaml\composer.py:127: in compose_mapping_node
    while not self.check_event(MappingEndEvent):
              ^^^^^^^^^^^^^^^^^^^^^^^^^^^^^^^^^
C:\Python312\Lib\site-packages\yaml\parser.py:98: in check_event
    self.current_event = self.state()
                         ^^^^^^^^^^^^
_ _ _ _ _ _ _ _ _ _ _ _ _ _ _ _ _ _ _ _ _ _ _ _ _ _ _ _ _ _ _ _ _ _ _ _ _ _ _ _

self = <yaml.loader.SafeLoader object at 0x0000021EE653BF50>

    def parse_block_mapping_key(self):
        if self.check_token(KeyToken):
            token = self.get_token()
            if not self.check_token(KeyToken, ValueToken, BlockEndToken):
                self.states.append(self.parse_block_mapping_value)
                return self.parse_block_node_or_indentless_sequence()
            else:
                self.state = self.parse_block_mapping_value
                return self.process_empty_scalar(token.end_mark)
        if not self.check_token(BlockEndToken):
            token = self.peek_token()
>           raise ParserError("while parsing a block mapping", self.marks[-1],
                    "expected <block end>, but found %r" % token.id, token.start_mark)
E           yaml.parser.ParserError: while parsing a block mapping
E             in "D:\MainWorkSpace\contextToWhatend\taxonomy\types.yaml", line 401, column 5
E           expected <block end>, but found '<scalar>'
E             in "D:\MainWorkSpace\contextToWhatend\taxonomy\types.yaml", line 411, column 37

C:\Python312\Lib\site-packages\yaml\parser.py:438: ParserError
=========================== short test summary info ===========================
FAILED skills/ctw_classify/tests/test_classifier.py::TestTaxonomyClassifier::test_classify_bilibili_mcp_video
FAILED skills/ctw_classify/tests/test_classifier.py::TestTaxonomyClassifier::test_classify_github_prefect
FAILED skills/ctw_classify/tests/test_classifier.py::TestTaxonomyClassifier::test_classify_pdf_paper
FAILED skills/ctw_classify/tests/test_classifier.py::TestTaxonomyClassifier::test_classify_security_cve
FAILED skills/ctw_classify/tests/test_classifier.py::TestTaxonomyClassifier::test_classify_n8n_tutorial
FAILED skills/ctw_classify/tests/test_classifier.py::TestTaxonomyClassifier::test_classify_experience_blog
FAILED skills/ctw_classify/tests/test_classifier.py::TestTaxonomyClassifier::test_classify_unknown
FAILED skills/ctw_classify/tests/test_classifier.py::TestTaxonomyClassifier::test_classify_ai_agent_framework
FAILED skills/ctw_classify/tests/test_classifier.py::TestTaxonomyClassifier::test_classify_with_llm_fallback
FAILED skills/ctw_classify/tests/test_classifier.py::TestTaxonomyClassifier::test_value_questions_loaded
FAILED skills/ctw_classify/tests/test_classifier.py::TestTaxonomyClassifier::test_value_questions_skip_conditions
FAILED skills/ctw_classify/tests/test_classifier.py::TestTaxonomyClassifier::test_classify_returns_suggested_level
FAILED skills/ctw_classify/tests/test_classifier.py::TestTaxonomyClassifier::test_classify_all_fixtures
FAILED skills/ctw_classify/tests/test_classifier.py::TestTaxonomyClassifier::test_duplicate_source_types
FAILED skills/ctw_classify/tests/test_classifier.py::TestTaxonomyClassifier::test_classify_result_output_targets
FAILED skills/ctw_classify/tests/test_decision_tree.py::TestDecisionTree::test_classify_bilibili_mcp_video
FAILED skills/ctw_classify/tests/test_decision_tree.py::TestDecisionTree::test_classify_github_prefect
FAILED skills/ctw_classify/tests/test_decision_tree.py::TestDecisionTree::test_classify_pdf_paper
FAILED skills/ctw_classify/tests/test_decision_tree.py::TestDecisionTree::test_classify_security_cve
FAILED skills/ctw_classify/tests/test_decision_tree.py::TestDecisionTree::test_classify_n8n_tutorial
FAILED skills/ctw_classify/tests/test_decision_tree.py::TestDecisionTree::test_classify_experience_blog
FAILED skills/ctw_classify/tests/test_decision_tree.py::TestDecisionTree::test_classify_unknown
FAILED skills/ctw_classify/tests/test_decision_tree.py::TestDecisionTree::test_classify_ai_agent_framework
FAILED skills/ctw_classify/tests/test_decision_tree.py::TestDecisionTree::test_classify_mcp_spec
FAILED skills/ctw_classify/tests/test_decision_tree.py::TestDecisionTree::test_classify_tool_review_blog
FAILED skills/ctw_classify/tests/test_decision_tree.py::TestDecisionTree::test_classify_tech_news
FAILED skills/ctw_classify/tests/test_decision_tree.py::TestDecisionTree::test_confidence_is_float
FAILED skills/ctw_classify/tests/test_decision_tree.py::TestDecisionTree::test_all_types_tested
FAILED skills/ctw_classify/tests/test_decision_tree.py::TestDecisionTree::test_loads_taxonomy_from_config
FAILED skills/ctw_classify/tests/test_decision_tree.py::TestDecisionTree::test_keyword_match_returns_high_confidence
FAILED skills/ctw_classify/tests/test_decision_tree.py::TestDecisionTree::test_decision_tree_order_respected
============================= 31 failed in 0.95s ==============================
